Archive member included to satisfy reference by file (symbol)

c:/program files/microchip/xc8/v2.32/avr/bin/../lib/gcc/avr/5.4.0/avr5/memx-const\libgcc.a(_exit.o)
                              C:/Program Files/Microchip/MPLABX/v5.50/packs/Microchip/ATmega_DFP/2.3.126/xc8/avr/lib/avr5/memx-const/crtatmega32a.o (exit)
c:/program files/microchip/xc8/v2.32/avr/bin/../lib/gcc/avr/5.4.0/avr5/memx-const\libgcc.a(_copy_data.o)
                              build/default/production/main.o (__do_clear_bss)
c:/program files/microchip/xc8/v2.32/avr/bin/../lib/gcc/avr/5.4.0/../../../../avr/lib/avr5/memx-const\libc.a(itoa_ncheck.o)
                              build/default/production/mLCD.o (__itoa_ncheck)
c:/program files/microchip/xc8/v2.32/avr/bin/../lib/gcc/avr/5.4.0/../../../../avr/lib/avr5/memx-const\libc.a(utoa_ncheck.o)
                              c:/program files/microchip/xc8/v2.32/avr/bin/../lib/gcc/avr/5.4.0/../../../../avr/lib/avr5/memx-const\libc.a(itoa_ncheck.o) (__utoa_common)
c:/program files/microchip/xc8/v2.32/avr/bin/../lib/gcc/avr/5.4.0/../../../../avr/lib/avr5/memx-const\libc.a(strrev.o)
                              c:/program files/microchip/xc8/v2.32/avr/bin/../lib/gcc/avr/5.4.0/../../../../avr/lib/avr5/memx-const\libc.a(utoa_ncheck.o) (strrev)

Discarded input sections

 .data          0x0000000000000000        0x0 C:/Program Files/Microchip/MPLABX/v5.50/packs/Microchip/ATmega_DFP/2.3.126/xc8/avr/lib/avr5/memx-const/crtatmega32a.o
 .bss           0x0000000000000000        0x0 C:/Program Files/Microchip/MPLABX/v5.50/packs/Microchip/ATmega_DFP/2.3.126/xc8/avr/lib/avr5/memx-const/crtatmega32a.o
 .text          0x0000000000000000        0x0 build/default/production/main.o
 .data          0x0000000000000000        0x0 build/default/production/main.o
 .bss           0x0000000000000000        0x0 build/default/production/main.o
 .text          0x0000000000000000        0x0 build/default/production/IO.o
 .data          0x0000000000000000        0x0 build/default/production/IO.o
 .bss           0x0000000000000000        0x0 build/default/production/IO.o
 .text.isPress_B
                0x0000000000000000       0x18 build/default/production/IO.o
 .text.init_Buzzer
                0x0000000000000000        0x4 build/default/production/IO.o
 .text.set_Buzzer
                0x0000000000000000        0xc build/default/production/IO.o
 .text.init_Relay
                0x0000000000000000        0x4 build/default/production/IO.o
 .text.set_Relay
                0x0000000000000000        0xc build/default/production/IO.o
 .text.init_Leds
                0x0000000000000000        0xa build/default/production/IO.o
 .text.set_Led  0x0000000000000000       0x3c build/default/production/IO.o
 .text.init_Buttons
                0x0000000000000000        0x8 build/default/production/IO.o
 .text._setPortDir
                0x0000000000000000       0x7c build/default/production/IO.o
 .text.setPortDir
                0x0000000000000000       0x5c build/default/production/IO.o
 .text.setPortData
                0x0000000000000000       0x34 build/default/production/IO.o
 .text.togglePortData
                0x0000000000000000       0x44 build/default/production/IO.o
 .text.togglePinData
                0x0000000000000000       0x72 build/default/production/IO.o
 .text          0x0000000000000000        0x0 build/default/production/uart.o
 .data          0x0000000000000000        0x0 build/default/production/uart.o
 .bss           0x0000000000000000        0x0 build/default/production/uart.o
 .text.init_uart
                0x0000000000000000        0x2 build/default/production/uart.o
 .text.uart_send
                0x0000000000000000        0x2 build/default/production/uart.o
 .text.uart_send_Num
                0x0000000000000000        0x2 build/default/production/uart.o
 .text.uart_send_Str
                0x0000000000000000        0x2 build/default/production/uart.o
 .text.uart_receive
                0x0000000000000000        0x4 build/default/production/uart.o
 .debug_info    0x0000000000000000      0x33c build/default/production/uart.o
 .debug_abbrev  0x0000000000000000       0x6d build/default/production/uart.o
 .debug_aranges
                0x0000000000000000       0x40 build/default/production/uart.o
 .debug_ranges  0x0000000000000000       0x30 build/default/production/uart.o
 .debug_line    0x0000000000000000       0x78 build/default/production/uart.o
 .debug_str     0x0000000000000000        0x0 build/default/production/uart.o
 .comment       0x0000000000000000       0x30 build/default/production/uart.o
 .debug_frame   0x0000000000000000       0x64 build/default/production/uart.o
 .text          0x0000000000000000        0x0 build/default/production/mLCD.o
 .data          0x0000000000000000        0x0 build/default/production/mLCD.o
 .bss           0x0000000000000000        0x0 build/default/production/mLCD.o
 .text.LCD_EN   0x0000000000000000       0x2e build/default/production/mLCD.o
 .text.LCD_DATA
                0x0000000000000000       0x34 build/default/production/mLCD.o
 .text.LCD_CMD  0x0000000000000000       0x34 build/default/production/mLCD.o
 .text.LCD_CLEAR
                0x0000000000000000        0x8 build/default/production/mLCD.o
 .text.init_LCD
                0x0000000000000000       0xb2 build/default/production/mLCD.o
 .text.LCD_Write_Str
                0x0000000000000000       0x1e build/default/production/mLCD.o
 .text.LCD_Write_Num
                0x0000000000000000       0x3a build/default/production/mLCD.o
 .text.goto_XY  0x0000000000000000       0x1c build/default/production/mLCD.o
 .text.LCD_shiftRight
                0x0000000000000000        0x8 build/default/production/mLCD.o
 .debug_info    0x0000000000000000      0x9ac build/default/production/mLCD.o
 .debug_abbrev  0x0000000000000000      0x1f6 build/default/production/mLCD.o
 .debug_loc     0x0000000000000000      0x40c build/default/production/mLCD.o
 .debug_aranges
                0x0000000000000000       0x60 build/default/production/mLCD.o
 .debug_ranges  0x0000000000000000       0x50 build/default/production/mLCD.o
 .debug_line    0x0000000000000000      0x27a build/default/production/mLCD.o
 .debug_str     0x0000000000000000       0x60 build/default/production/mLCD.o
 .comment       0x0000000000000000       0x30 build/default/production/mLCD.o
 .debug_frame   0x0000000000000000       0xd0 build/default/production/mLCD.o
 .text          0x0000000000000000        0x0 build/default/production/mLCD_4bit.o
 .data          0x0000000000000000        0x0 build/default/production/mLCD_4bit.o
 .bss           0x0000000000000000        0x0 build/default/production/mLCD_4bit.o
 .text.goto_XY_4bit
                0x0000000000000000       0x1c build/default/production/mLCD_4bit.o
 .text          0x0000000000000000        0x0 build/default/production/mMotor.o
 .data          0x0000000000000000        0x0 build/default/production/mMotor.o
 .bss           0x0000000000000000        0x0 build/default/production/mMotor.o
 .text.init_Motor
                0x0000000000000000       0x22 build/default/production/mMotor.o
 .text.Motor_Stop
                0x0000000000000000       0x22 build/default/production/mMotor.o
 .text.Motor_Reverse
                0x0000000000000000       0x38 build/default/production/mMotor.o
 .text.Motor_Forward
                0x0000000000000000       0x38 build/default/production/mMotor.o
 .debug_info    0x0000000000000000      0x4ef build/default/production/mMotor.o
 .debug_abbrev  0x0000000000000000       0xef build/default/production/mMotor.o
 .debug_loc     0x0000000000000000       0x90 build/default/production/mMotor.o
 .debug_aranges
                0x0000000000000000       0x38 build/default/production/mMotor.o
 .debug_ranges  0x0000000000000000       0x28 build/default/production/mMotor.o
 .debug_line    0x0000000000000000      0x146 build/default/production/mMotor.o
 .debug_str     0x0000000000000000       0x15 build/default/production/mMotor.o
 .comment       0x0000000000000000       0x30 build/default/production/mMotor.o
 .debug_frame   0x0000000000000000       0x54 build/default/production/mMotor.o
 .text          0x0000000000000000        0x0 build/default/production/mKeypad.o
 .data          0x0000000000000000        0x0 build/default/production/mKeypad.o
 .bss           0x0000000000000000        0x0 build/default/production/mKeypad.o
 .text.init_keypad
                0x0000000000000000       0x14 build/default/production/mKeypad.o
 .text.getKey   0x0000000000000000      0x2d0 build/default/production/mKeypad.o
 .debug_info    0x0000000000000000      0x7f4 build/default/production/mKeypad.o
 .debug_abbrev  0x0000000000000000      0x11f build/default/production/mKeypad.o
 .debug_loc     0x0000000000000000      0x4fc build/default/production/mKeypad.o
 .debug_aranges
                0x0000000000000000       0x28 build/default/production/mKeypad.o
 .debug_ranges  0x0000000000000000       0x30 build/default/production/mKeypad.o
 .debug_line    0x0000000000000000      0x2b3 build/default/production/mKeypad.o
 .debug_str     0x0000000000000000        0xa build/default/production/mKeypad.o
 .comment       0x0000000000000000       0x30 build/default/production/mKeypad.o
 .debug_frame   0x0000000000000000       0x48 build/default/production/mKeypad.o
 .text          0x0000000000000000        0x0 build/default/production/mExternalInterrupt.o
 .data          0x0000000000000000        0x0 build/default/production/mExternalInterrupt.o
 .bss           0x0000000000000000        0x0 build/default/production/mExternalInterrupt.o
 .text.init_INT
                0x0000000000000000       0x54 build/default/production/mExternalInterrupt.o
 .debug_info    0x0000000000000000      0x25d build/default/production/mExternalInterrupt.o
 .debug_abbrev  0x0000000000000000       0x55 build/default/production/mExternalInterrupt.o
 .debug_loc     0x0000000000000000       0xc4 build/default/production/mExternalInterrupt.o
 .debug_aranges
                0x0000000000000000       0x20 build/default/production/mExternalInterrupt.o
 .debug_ranges  0x0000000000000000       0x10 build/default/production/mExternalInterrupt.o
 .debug_line    0x0000000000000000       0xb7 build/default/production/mExternalInterrupt.o
 .debug_str     0x0000000000000000        0x0 build/default/production/mExternalInterrupt.o
 .comment       0x0000000000000000       0x30 build/default/production/mExternalInterrupt.o
 .debug_frame   0x0000000000000000       0x24 build/default/production/mExternalInterrupt.o
 .text          0x0000000000000000        0x0 build/default/production/mADC.o
 .data          0x0000000000000000        0x0 build/default/production/mADC.o
 .bss           0x0000000000000000        0x0 build/default/production/mADC.o
 .text.init_ADC
                0x0000000000000000       0x28 build/default/production/mADC.o
 .text.ADC_StartConv
                0x0000000000000000        0x4 build/default/production/mADC.o
 .text.ADC_read
                0x0000000000000000        0xe build/default/production/mADC.o
 .text.ADC_init_INTERRUPT
                0x0000000000000000        0x4 build/default/production/mADC.o
 .debug_info    0x0000000000000000      0x2cf build/default/production/mADC.o
 .debug_abbrev  0x0000000000000000       0x96 build/default/production/mADC.o
 .debug_loc     0x0000000000000000       0xa2 build/default/production/mADC.o
 .debug_aranges
                0x0000000000000000       0x38 build/default/production/mADC.o
 .debug_ranges  0x0000000000000000       0x28 build/default/production/mADC.o
 .debug_line    0x0000000000000000       0xe9 build/default/production/mADC.o
 .debug_str     0x0000000000000000        0x0 build/default/production/mADC.o
 .comment       0x0000000000000000       0x30 build/default/production/mADC.o
 .debug_frame   0x0000000000000000       0x54 build/default/production/mADC.o
 .text          0x0000000000000000        0x0 build/default/production/mTimer.o
 .data          0x0000000000000000        0x0 build/default/production/mTimer.o
 .bss           0x0000000000000000        0x0 build/default/production/mTimer.o
 .text.Timer_interrupt_enable
                0x0000000000000000       0x16 build/default/production/mTimer.o
 .text          0x0000000000000000        0x0 c:/program files/microchip/xc8/v2.32/avr/bin/../lib/gcc/avr/5.4.0/avr5/memx-const\libgcc.a(_exit.o)
 .data          0x0000000000000000        0x0 c:/program files/microchip/xc8/v2.32/avr/bin/../lib/gcc/avr/5.4.0/avr5/memx-const\libgcc.a(_exit.o)
 .bss           0x0000000000000000        0x0 c:/program files/microchip/xc8/v2.32/avr/bin/../lib/gcc/avr/5.4.0/avr5/memx-const\libgcc.a(_exit.o)
 .text.libgcc.mul
                0x0000000000000000        0x0 c:/program files/microchip/xc8/v2.32/avr/bin/../lib/gcc/avr/5.4.0/avr5/memx-const\libgcc.a(_exit.o)
 .text.libgcc.div
                0x0000000000000000        0x0 c:/program files/microchip/xc8/v2.32/avr/bin/../lib/gcc/avr/5.4.0/avr5/memx-const\libgcc.a(_exit.o)
 .text.libgcc   0x0000000000000000        0x0 c:/program files/microchip/xc8/v2.32/avr/bin/../lib/gcc/avr/5.4.0/avr5/memx-const\libgcc.a(_exit.o)
 .text.libgcc.prologue
                0x0000000000000000        0x0 c:/program files/microchip/xc8/v2.32/avr/bin/../lib/gcc/avr/5.4.0/avr5/memx-const\libgcc.a(_exit.o)
 .stack.descriptors
                0x0000000000000000       0x13 c:/program files/microchip/xc8/v2.32/avr/bin/../lib/gcc/avr/5.4.0/avr5/memx-const\libgcc.a(_exit.o)
 .text.libgcc.builtins
                0x0000000000000000        0x0 c:/program files/microchip/xc8/v2.32/avr/bin/../lib/gcc/avr/5.4.0/avr5/memx-const\libgcc.a(_exit.o)
 .text.libgcc.fmul
                0x0000000000000000        0x0 c:/program files/microchip/xc8/v2.32/avr/bin/../lib/gcc/avr/5.4.0/avr5/memx-const\libgcc.a(_exit.o)
 .text.libgcc.fixed
                0x0000000000000000        0x0 c:/program files/microchip/xc8/v2.32/avr/bin/../lib/gcc/avr/5.4.0/avr5/memx-const\libgcc.a(_exit.o)
 .text          0x0000000000000000        0x0 c:/program files/microchip/xc8/v2.32/avr/bin/../lib/gcc/avr/5.4.0/avr5/memx-const\libgcc.a(_copy_data.o)
 .data          0x0000000000000000        0x0 c:/program files/microchip/xc8/v2.32/avr/bin/../lib/gcc/avr/5.4.0/avr5/memx-const\libgcc.a(_copy_data.o)
 .bss           0x0000000000000000        0x0 c:/program files/microchip/xc8/v2.32/avr/bin/../lib/gcc/avr/5.4.0/avr5/memx-const\libgcc.a(_copy_data.o)
 .text.libgcc.mul
                0x0000000000000000        0x0 c:/program files/microchip/xc8/v2.32/avr/bin/../lib/gcc/avr/5.4.0/avr5/memx-const\libgcc.a(_copy_data.o)
 .text.libgcc.div
                0x0000000000000000        0x0 c:/program files/microchip/xc8/v2.32/avr/bin/../lib/gcc/avr/5.4.0/avr5/memx-const\libgcc.a(_copy_data.o)
 .text.libgcc   0x0000000000000000        0x0 c:/program files/microchip/xc8/v2.32/avr/bin/../lib/gcc/avr/5.4.0/avr5/memx-const\libgcc.a(_copy_data.o)
 .text.libgcc.prologue
                0x0000000000000000        0x0 c:/program files/microchip/xc8/v2.32/avr/bin/../lib/gcc/avr/5.4.0/avr5/memx-const\libgcc.a(_copy_data.o)
 .text.libgcc.builtins
                0x0000000000000000        0x0 c:/program files/microchip/xc8/v2.32/avr/bin/../lib/gcc/avr/5.4.0/avr5/memx-const\libgcc.a(_copy_data.o)
 .text.libgcc.fmul
                0x0000000000000000        0x0 c:/program files/microchip/xc8/v2.32/avr/bin/../lib/gcc/avr/5.4.0/avr5/memx-const\libgcc.a(_copy_data.o)
 .text.libgcc.fixed
                0x0000000000000000        0x0 c:/program files/microchip/xc8/v2.32/avr/bin/../lib/gcc/avr/5.4.0/avr5/memx-const\libgcc.a(_copy_data.o)
 .text          0x0000000000000000        0x0 c:/program files/microchip/xc8/v2.32/avr/bin/../lib/gcc/avr/5.4.0/../../../../avr/lib/avr5/memx-const\libc.a(itoa_ncheck.o)
 .data          0x0000000000000000        0x0 c:/program files/microchip/xc8/v2.32/avr/bin/../lib/gcc/avr/5.4.0/../../../../avr/lib/avr5/memx-const\libc.a(itoa_ncheck.o)
 .bss           0x0000000000000000        0x0 c:/program files/microchip/xc8/v2.32/avr/bin/../lib/gcc/avr/5.4.0/../../../../avr/lib/avr5/memx-const\libc.a(itoa_ncheck.o)
 .stack.descriptors
                0x0000000000000000       0x1b c:/program files/microchip/xc8/v2.32/avr/bin/../lib/gcc/avr/5.4.0/../../../../avr/lib/avr5/memx-const\libc.a(itoa_ncheck.o)
 .text          0x0000000000000000        0x0 c:/program files/microchip/xc8/v2.32/avr/bin/../lib/gcc/avr/5.4.0/../../../../avr/lib/avr5/memx-const\libc.a(utoa_ncheck.o)
 .data          0x0000000000000000        0x0 c:/program files/microchip/xc8/v2.32/avr/bin/../lib/gcc/avr/5.4.0/../../../../avr/lib/avr5/memx-const\libc.a(utoa_ncheck.o)
 .bss           0x0000000000000000        0x0 c:/program files/microchip/xc8/v2.32/avr/bin/../lib/gcc/avr/5.4.0/../../../../avr/lib/avr5/memx-const\libc.a(utoa_ncheck.o)
 .stack.descriptors
                0x0000000000000000       0x36 c:/program files/microchip/xc8/v2.32/avr/bin/../lib/gcc/avr/5.4.0/../../../../avr/lib/avr5/memx-const\libc.a(utoa_ncheck.o)
 .text          0x0000000000000000        0x0 c:/program files/microchip/xc8/v2.32/avr/bin/../lib/gcc/avr/5.4.0/../../../../avr/lib/avr5/memx-const\libc.a(strrev.o)
 .data          0x0000000000000000        0x0 c:/program files/microchip/xc8/v2.32/avr/bin/../lib/gcc/avr/5.4.0/../../../../avr/lib/avr5/memx-const\libc.a(strrev.o)
 .bss           0x0000000000000000        0x0 c:/program files/microchip/xc8/v2.32/avr/bin/../lib/gcc/avr/5.4.0/../../../../avr/lib/avr5/memx-const\libc.a(strrev.o)
 .stack.descriptors
                0x0000000000000000       0x14 c:/program files/microchip/xc8/v2.32/avr/bin/../lib/gcc/avr/5.4.0/../../../../avr/lib/avr5/memx-const\libc.a(strrev.o)

Memory Configuration

Name             Origin             Length             Attributes
text             0x0000000000000000 0x0000000000008000 xr
data             0x0000000000800060 0x0000000000000800 rw !x
eeprom           0x0000000000810000 0x0000000000000400 rw !x
fuse             0x0000000000820000 0x0000000000000002 rw !x
lock             0x0000000000830000 0x0000000000000400 rw !x
signature        0x0000000000840000 0x0000000000000400 rw !x
user_signatures  0x0000000000850000 0x0000000000000400 rw !x
*default*        0x0000000000000000 0xffffffffffffffff

Linker script and memory map

LOAD C:/Program Files/Microchip/MPLABX/v5.50/packs/Microchip/ATmega_DFP/2.3.126/xc8/avr/lib/avr5/memx-const/crtatmega32a.o
                0x0000000000000001                __MPLAB_BUILD = 0x1
LOAD build/default/production/main.o
LOAD build/default/production/IO.o
LOAD build/default/production/uart.o
LOAD build/default/production/mLCD.o
LOAD build/default/production/mLCD_4bit.o
LOAD build/default/production/mMotor.o
LOAD build/default/production/mKeypad.o
LOAD build/default/production/mExternalInterrupt.o
LOAD build/default/production/mADC.o
LOAD build/default/production/mTimer.o
START GROUP
LOAD c:/program files/microchip/xc8/v2.32/avr/bin/../lib/gcc/avr/5.4.0/../../../../avr/lib/avr5/memx-const\libm.a
END GROUP
START GROUP
LOAD c:/program files/microchip/xc8/v2.32/avr/bin/../lib/gcc/avr/5.4.0/avr5/memx-const\libgcc.a
LOAD c:/program files/microchip/xc8/v2.32/avr/bin/../lib/gcc/avr/5.4.0/../../../../avr/lib/avr5/memx-const\libm.a
LOAD c:/program files/microchip/xc8/v2.32/avr/bin/../lib/gcc/avr/5.4.0/../../../../avr/lib/avr5/memx-const\libc.a
LOAD C:/Program Files/Microchip/MPLABX/v5.50/packs/Microchip/ATmega_DFP/2.3.126/xc8/avr/lib/avr5/memx-const\libatmega32a.a
END GROUP
                [0x0000000000000000]                __TEXT_REGION_ORIGIN__ = DEFINED (__TEXT_REGION_ORIGIN__)?__TEXT_REGION_ORIGIN__:0x0
                [0x0000000000800060]                __DATA_REGION_ORIGIN__ = DEFINED (__DATA_REGION_ORIGIN__)?__DATA_REGION_ORIGIN__:0x800060
                [0x0000000000008000]                __TEXT_REGION_LENGTH__ = DEFINED (__TEXT_REGION_LENGTH__)?__TEXT_REGION_LENGTH__:0x20000
                [0x0000000000000800]                __DATA_REGION_LENGTH__ = DEFINED (__DATA_REGION_LENGTH__)?__DATA_REGION_LENGTH__:0xffa0
                [0x0000000000000400]                __EEPROM_REGION_LENGTH__ = DEFINED (__EEPROM_REGION_LENGTH__)?__EEPROM_REGION_LENGTH__:0x10000
                [0x0000000000000002]                __FUSE_REGION_LENGTH__ = DEFINED (__FUSE_REGION_LENGTH__)?__FUSE_REGION_LENGTH__:0x400
                0x0000000000000400                __LOCK_REGION_LENGTH__ = DEFINED (__LOCK_REGION_LENGTH__)?__LOCK_REGION_LENGTH__:0x400
                0x0000000000000400                __SIGNATURE_REGION_LENGTH__ = DEFINED (__SIGNATURE_REGION_LENGTH__)?__SIGNATURE_REGION_LENGTH__:0x400
                0x0000000000000400                __USER_SIGNATURE_REGION_LENGTH__ = DEFINED (__USER_SIGNATURE_REGION_LENGTH__)?__USER_SIGNATURE_REGION_LENGTH__:0x400

.hash
 *(.hash)

.dynsym
 *(.dynsym)

.dynstr
 *(.dynstr)

.gnu.version
 *(.gnu.version)

.gnu.version_d
 *(.gnu.version_d)

.gnu.version_r
 *(.gnu.version_r)

.rel.init
 *(.rel.init)

.rela.init
 *(.rela.init)

.rel.text
 *(.rel.text)
 *(.rel.text.*)
 *(.rel.gnu.linkonce.t*)

.rela.text
 *(.rela.text)
 *(.rela.text.*)
 *(.rela.gnu.linkonce.t*)

.rel.fini
 *(.rel.fini)

.rela.fini
 *(.rela.fini)

.rel.rodata
 *(.rel.rodata)
 *(.rel.rodata.*)
 *(.rel.gnu.linkonce.r*)

.rela.rodata
 *(.rela.rodata)
 *(.rela.rodata.*)
 *(.rela.gnu.linkonce.r*)

.rel.data
 *(.rel.data)
 *(.rel.data.*)
 *(.rel.gnu.linkonce.d*)

.rela.data
 *(.rela.data)
 *(.rela.data.*)
 *(.rela.gnu.linkonce.d*)

.rel.ctors
 *(.rel.ctors)

.rela.ctors
 *(.rela.ctors)

.rel.dtors
 *(.rel.dtors)

.rela.dtors
 *(.rela.dtors)

.rel.got
 *(.rel.got)

.rela.got
 *(.rela.got)

.rel.bss
 *(.rel.bss)

.rela.bss
 *(.rela.bss)

.rel.plt
 *(.rel.plt)

.rela.plt
 *(.rela.plt)

.text           0x0000000000000000       0xae
 *(.vectors)
 .vectors       0x0000000000000000       0x54 C:/Program Files/Microchip/MPLABX/v5.50/packs/Microchip/ATmega_DFP/2.3.126/xc8/avr/lib/avr5/memx-const/crtatmega32a.o
                0x0000000000000000                __vector_default
                0x0000000000000000                __vectors
 *(.vectors)
 *(.progmem.gcc*)
 *(.dinit)
 .dinit         0x0000000000000054        0x5 data_init
                0x000000000000005a                . = ALIGN (0x2)
 *fill*         0x0000000000000059        0x1 
                0x000000000000005a                __trampolines_start = .
 *(.trampolines)
 .trampolines   0x000000000000005a        0x0 linker stubs
 *(.trampolines*)
                0x000000000000005a                __trampolines_end = .
 *libprintf_flt.a:*(.progmem.data)
 *libc.a:*(.progmem.data)
                0x000000000000005a                . = ALIGN (0x2)
 *(.jumptables)
 *(.jumptables*)
 *(.lowtext)
 *(.lowtext*)
                0x000000000000005a                __ctors_start = .
 *(.ctors)
                0x000000000000005a                __ctors_end = .
                0x000000000000005a                __dtors_start = .
 *(.dtors)
                0x000000000000005a                __dtors_end = .
 SORT(*)(.ctors)
 SORT(*)(.dtors)
 *(.init0)
 .init0         0x000000000000005a        0x0 C:/Program Files/Microchip/MPLABX/v5.50/packs/Microchip/ATmega_DFP/2.3.126/xc8/avr/lib/avr5/memx-const/crtatmega32a.o
                0x000000000000005a                __init
 *(.init0)
 *(.init1)
 *(.init1)
 *(.init2)
 .init2         0x000000000000005a        0xc C:/Program Files/Microchip/MPLABX/v5.50/packs/Microchip/ATmega_DFP/2.3.126/xc8/avr/lib/avr5/memx-const/crtatmega32a.o
 *(.init2)
 *(.init3)
 *(.init3)
 *(.init4)
 .init4         0x0000000000000066       0x3c c:/program files/microchip/xc8/v2.32/avr/bin/../lib/gcc/avr/5.4.0/avr5/memx-const\libgcc.a(_copy_data.o)
                0x0000000000000066                __do_copy_data
                0x0000000000000094                __do_clear_bss
 *(.init4)
 *(.init5)
 *(.init5)
 *(.init6)
 *(.init6)
 *(.init7)
 *(.init7)
 *(.init8)
 *(.init8)
 *(.init9)
 .init9         0x00000000000000a2        0x8 C:/Program Files/Microchip/MPLABX/v5.50/packs/Microchip/ATmega_DFP/2.3.126/xc8/avr/lib/avr5/memx-const/crtatmega32a.o
 *(.init9)
                0x00000000000000aa                . = ALIGN (0x2)
 *(.fini9)
 .fini9         0x00000000000000aa        0x0 c:/program files/microchip/xc8/v2.32/avr/bin/../lib/gcc/avr/5.4.0/avr5/memx-const\libgcc.a(_exit.o)
                0x00000000000000aa                _exit
                0x00000000000000aa                exit
 *(.fini9)
 *(.fini8)
 *(.fini8)
 *(.fini7)
 *(.fini7)
 *(.fini6)
 *(.fini6)
 *(.fini5)
 *(.fini5)
 *(.fini4)
 *(.fini4)
 *(.fini3)
 *(.fini3)
 *(.fini2)
 *(.fini2)
 *(.fini1)
 *(.fini1)
 *(.fini0)
 .fini0         0x00000000000000aa        0x4 c:/program files/microchip/xc8/v2.32/avr/bin/../lib/gcc/avr/5.4.0/avr5/memx-const\libgcc.a(_exit.o)
 *(.fini0)
                0x00000000000000ae                _etext = .

.data           0x0000000000800060        0x0 load address 0x00000000000000ae
                [!provide]                        PROVIDE (__data_start, .)
 *(.gnu.linkonce.d*)
 *(.gnu.linkonce.r*)
                0x0000000000800060                . = ALIGN (0x2)
 *fill*         0x0000000000800060        0x0 
                0x0000000000800060                _edata = .
                [!provide]                        PROVIDE (__data_end, .)

.bss            0x0000000000800060        0x0
                [!provide]                        PROVIDE (__bss_start, .)
 *(COMMON)
                [!provide]                        PROVIDE (__bss_end, .)
                0x00000000000000ae                __data_load_start = LOADADDR (.data)
                0x00000000000000ae                __data_load_end = (__data_load_start + SIZEOF (.data))

.noinit         0x0000000000800060        0x0
                [!provide]                        PROVIDE (__noinit_start, .)
 *(.noinit*)
                [!provide]                        PROVIDE (__noinit_end, .)
                0x0000000000800060                _end = .

.eeprom         0x0000000000810000        0x0
 *(.eeprom*)
                0x0000000000810000                __eeprom_end = .

.fuse
 *(.fuse)
 *(.lfuse)
 *(.hfuse)
 *(.efuse)

.lock
 *(.lock*)

.signature
 *(.signature*)

.user_signatures
 *(.user_signatures*)

.stab
 *(.stab)

.stabstr
 *(.stabstr)

.stab.excl
 *(.stab.excl)

.stab.exclstr
 *(.stab.exclstr)

.stab.index
 *(.stab.index)

.stab.indexstr
 *(.stab.indexstr)

.comment        0x0000000000000000       0x2f
 *(.comment)
 .comment       0x0000000000000000       0x2f build/default/production/main.o
                                         0x30 (size before relaxing)
 .comment       0x000000000000002f       0x30 build/default/production/IO.o
 .comment       0x000000000000002f       0x30 build/default/production/mLCD_4bit.o
 .comment       0x000000000000002f       0x30 build/default/production/mTimer.o

.stack.descriptors.hdr
                0x0000000000000000       0x38
 .stack.descriptors.hdr
                0x0000000000000000        0xe c:/program files/microchip/xc8/v2.32/avr/bin/../lib/gcc/avr/5.4.0/avr5/memx-const\libgcc.a(_exit.o)
 .stack.descriptors.hdr
                0x000000000000000e        0xe c:/program files/microchip/xc8/v2.32/avr/bin/../lib/gcc/avr/5.4.0/../../../../avr/lib/avr5/memx-const\libc.a(itoa_ncheck.o)
 .stack.descriptors.hdr
                0x000000000000001c        0xe c:/program files/microchip/xc8/v2.32/avr/bin/../lib/gcc/avr/5.4.0/../../../../avr/lib/avr5/memx-const\libc.a(utoa_ncheck.o)
 .stack.descriptors.hdr
                0x000000000000002a        0xe c:/program files/microchip/xc8/v2.32/avr/bin/../lib/gcc/avr/5.4.0/../../../../avr/lib/avr5/memx-const\libc.a(strrev.o)

.note.gnu.build-id
 *(.note.gnu.build-id)

.debug
 *(.debug)

.line
 *(.line)

.debug_srcinfo
 *(.debug_srcinfo)

.debug_sfnames
 *(.debug_sfnames)

.debug_aranges  0x0000000000000000      0x148
 *(.debug_aranges)
 .debug_aranges
                0x0000000000000000       0x20 build/default/production/main.o
 .debug_aranges
                0x0000000000000020       0x98 build/default/production/IO.o
 .debug_aranges
                0x00000000000000b8       0x58 build/default/production/mLCD_4bit.o
 .debug_aranges
                0x0000000000000110       0x38 build/default/production/mTimer.o

.debug_pubnames
 *(.debug_pubnames)

.debug_info     0x0000000000000000     0x1ad9
 *(.debug_info .gnu.linkonce.wi.*)
 .debug_info    0x0000000000000000      0x4e6 C:/Program Files/Microchip/MPLABX/v5.50/packs/Microchip/ATmega_DFP/2.3.126/xc8/avr/lib/avr5/memx-const/crtatmega32a.o
 .debug_info    0x00000000000004e6      0x43d build/default/production/main.o
 .debug_info    0x0000000000000923      0x586 build/default/production/IO.o
 .debug_info    0x0000000000000ea9      0x8ee build/default/production/mLCD_4bit.o
 .debug_info    0x0000000000001797      0x342 build/default/production/mTimer.o

.debug_abbrev   0x0000000000000000      0x962
 *(.debug_abbrev)
 .debug_abbrev  0x0000000000000000      0x4a3 C:/Program Files/Microchip/MPLABX/v5.50/packs/Microchip/ATmega_DFP/2.3.126/xc8/avr/lib/avr5/memx-const/crtatmega32a.o
 .debug_abbrev  0x00000000000004a3      0x134 build/default/production/main.o
 .debug_abbrev  0x00000000000005d7      0x106 build/default/production/IO.o
 .debug_abbrev  0x00000000000006dd      0x1f6 build/default/production/mLCD_4bit.o
 .debug_abbrev  0x00000000000008d3       0x8f build/default/production/mTimer.o

.debug_line     0x0000000000000000      0xa77
 *(.debug_line .debug_line.* .debug_line_end)
 .debug_line    0x0000000000000000      0x119 C:/Program Files/Microchip/MPLABX/v5.50/packs/Microchip/ATmega_DFP/2.3.126/xc8/avr/lib/avr5/memx-const/crtatmega32a.o
 .debug_line    0x0000000000000119      0x134 build/default/production/main.o
 .debug_line    0x000000000000024d      0x4d6 build/default/production/IO.o
 .debug_line    0x0000000000000723      0x269 build/default/production/mLCD_4bit.o
 .debug_line    0x000000000000098c       0xeb build/default/production/mTimer.o

.debug_frame    0x0000000000000000      0x258
 *(.debug_frame)
 .debug_frame   0x0000000000000000       0x24 build/default/production/main.o
 .debug_frame   0x0000000000000024      0x114 build/default/production/IO.o
 .debug_frame   0x0000000000000138       0xc0 build/default/production/mLCD_4bit.o
 .debug_frame   0x00000000000001f8       0x60 build/default/production/mTimer.o

.debug_str      0x0000000000000000      0x247
 *(.debug_str)
 .debug_str     0x0000000000000000      0x196 C:/Program Files/Microchip/MPLABX/v5.50/packs/Microchip/ATmega_DFP/2.3.126/xc8/avr/lib/avr5/memx-const/crtatmega32a.o
 .debug_str     0x0000000000000196       0x49 build/default/production/main.o
 .debug_str     0x00000000000001df       0x15 build/default/production/IO.o
 .debug_str     0x00000000000001f4       0x49 build/default/production/mLCD_4bit.o
 .debug_str     0x000000000000023d        0xa build/default/production/mTimer.o

.debug_loc      0x0000000000000000      0x9a8
 *(.debug_loc)
 .debug_loc     0x0000000000000000       0x48 build/default/production/main.o
 .debug_loc     0x0000000000000048      0x55c build/default/production/IO.o
 .debug_loc     0x00000000000005a4      0x382 build/default/production/mLCD_4bit.o
 .debug_loc     0x0000000000000926       0x82 build/default/production/mTimer.o

.debug_macinfo
 *(.debug_macinfo)

.debug_weaknames
 *(.debug_weaknames)

.debug_funcnames
 *(.debug_funcnames)

.debug_typenames
 *(.debug_typenames)

.debug_varnames
 *(.debug_varnames)

.debug_pubtypes
 *(.debug_pubtypes)

.debug_ranges   0x0000000000000000      0x108
 *(.debug_ranges)
 .debug_ranges  0x0000000000000000       0x10 build/default/production/main.o
 .debug_ranges  0x0000000000000010       0x88 build/default/production/IO.o
 .debug_ranges  0x0000000000000098       0x48 build/default/production/mLCD_4bit.o
 .debug_ranges  0x00000000000000e0       0x28 build/default/production/mTimer.o

.debug_macro
 *(.debug_macro)
OUTPUT(dist/default/production/Alex_21_IO.X.production.elf elf32-avr)
LOAD linker stubs
LOAD data_init

.note.gnu.avr.deviceinfo
                0x0000000000000000       0x3c
 .note.gnu.avr.deviceinfo
                0x0000000000000000       0x3c C:/Program Files/Microchip/MPLABX/v5.50/packs/Microchip/ATmega_DFP/2.3.126/xc8/avr/lib/avr5/memx-const/crtatmega32a.o

.bss.incrementer
                0x0000000000800060        0x1
 .bss.incrementer
                0x0000000000800060        0x1 build/default/production/main.o
                0x0000000000800060                incrementer

.text.setPinDir
                0x00000000000000ae       0xf0
 .text.setPinDir
                0x00000000000000ae       0xf0 build/default/production/IO.o
                0x00000000000000ae                setPinDir

.text.setPinData
                0x000000000000019e       0xf0
 .text.setPinData
                0x000000000000019e       0xf0 build/default/production/IO.o
                0x000000000000019e                setPinData

.text.main      0x000000000000028e       0x84
 .text.main     0x000000000000028e       0x84 build/default/production/main.o
                0x000000000000028e                main

.text.init_LCD_4bit
                0x0000000000000312       0x76
 .text.init_LCD_4bit
                0x0000000000000312       0x76 build/default/production/mLCD_4bit.o
                0x0000000000000312                init_LCD_4bit

.text.isPressed
                0x0000000000000388       0x70
 .text.isPressed
                0x0000000000000388       0x70 build/default/production/IO.o
                0x0000000000000388                isPressed

.text.LCD_DATA_4bit
                0x00000000000003f8       0x62
 .text.LCD_DATA_4bit
                0x00000000000003f8       0x62 build/default/production/mLCD_4bit.o
                0x00000000000003f8                LCD_DATA_4bit

.text.LCD_CMD_4bit
                0x000000000000045a       0x62
 .text.LCD_CMD_4bit
                0x000000000000045a       0x62 build/default/production/mLCD_4bit.o
                0x000000000000045a                LCD_CMD_4bit

.text.LCD_Write_Num_4bit
                0x00000000000004bc       0x3a
 .text.LCD_Write_Num_4bit
                0x00000000000004bc       0x3a build/default/production/mLCD_4bit.o
                0x00000000000004bc                LCD_Write_Num_4bit

.text.setOC0    0x00000000000004f6       0x34
 .text.setOC0   0x00000000000004f6       0x34 build/default/production/mTimer.o
                0x00000000000004f6                setOC0

.text.avrlibc   0x000000000000052a       0x34
 .text.avrlibc  0x000000000000052a       0x34 c:/program files/microchip/xc8/v2.32/avr/bin/../lib/gcc/avr/5.4.0/../../../../avr/lib/avr5/memx-const\libc.a(utoa_ncheck.o)
                0x000000000000052a                __utoa_ncheck
                0x000000000000052c                __utoa_common

.text.LCD_EN_4bit
                0x000000000000055e       0x2e
 .text.LCD_EN_4bit
                0x000000000000055e       0x2e build/default/production/mLCD_4bit.o
                0x000000000000055e                LCD_EN_4bit

.text.avrlibc   0x000000000000058c       0x20
 .text.avrlibc  0x000000000000058c       0x20 c:/program files/microchip/xc8/v2.32/avr/bin/../lib/gcc/avr/5.4.0/../../../../avr/lib/avr5/memx-const\libc.a(strrev.o)
                0x000000000000058c                strrev

.text.LCD_Write_Str_4bit
                0x00000000000005ac       0x1e
 .text.LCD_Write_Str_4bit
                0x00000000000005ac       0x1e build/default/production/mLCD_4bit.o
                0x00000000000005ac                LCD_Write_Str_4bit

.text.init_Timer
                0x00000000000005ca       0x1a
 .text.init_Timer
                0x00000000000005ca       0x1a build/default/production/mTimer.o
                0x00000000000005ca                init_Timer

.text.avrlibc   0x00000000000005e4       0x16
 .text.avrlibc  0x00000000000005e4       0x16 c:/program files/microchip/xc8/v2.32/avr/bin/../lib/gcc/avr/5.4.0/../../../../avr/lib/avr5/memx-const\libc.a(itoa_ncheck.o)
                0x00000000000005e4                __itoa_ncheck

.text.LCD_CLEAR_4bit
                0x00000000000005fa        0x8
 .text.LCD_CLEAR_4bit
                0x00000000000005fa        0x8 build/default/production/mLCD_4bit.o
                0x00000000000005fa                LCD_CLEAR_4bit

.text           0x0000000000000602        0x4
 .text          0x0000000000000602        0x4 C:/Program Files/Microchip/MPLABX/v5.50/packs/Microchip/ATmega_DFP/2.3.126/xc8/avr/lib/avr5/memx-const/crtatmega32a.o
                0x0000000000000602                __vector_1
                0x0000000000000602                __vector_12
                0x0000000000000602                __bad_interrupt
                0x0000000000000602                __vector_6
                0x0000000000000602                __vector_3
                0x0000000000000602                __vector_11
                0x0000000000000602                __vector_13
                0x0000000000000602                __vector_17
                0x0000000000000602                __vector_19
                0x0000000000000602                __vector_7
                0x0000000000000602                __vector_5
                0x0000000000000602                __vector_4
                0x0000000000000602                __vector_9
                0x0000000000000602                __vector_2
                0x0000000000000602                __vector_15
                0x0000000000000602                __vector_8
                0x0000000000000602                __vector_14
                0x0000000000000602                __vector_10
                0x0000000000000602                __vector_16
                0x0000000000000602                __vector_18
                0x0000000000000602                __vector_20

.text.Timer_setCompValue
                0x0000000000000606        0x4
 .text.Timer_setCompValue
                0x0000000000000606        0x4 build/default/production/mTimer.o
                0x0000000000000606                Timer_setCompValue
