Archive member included to satisfy reference by file (symbol)

c:/program files/microchip/xc8/v2.32/avr/bin/../lib/gcc/avr/5.4.0/../../../../avr/lib/avr5/memx-const\libm.a(fixsfsi.o)
                              build/default/production/main.o (__fixsfsi)
c:/program files/microchip/xc8/v2.32/avr/bin/../lib/gcc/avr/5.4.0/../../../../avr/lib/avr5/memx-const\libm.a(fixunssfsi.o)
                              c:/program files/microchip/xc8/v2.32/avr/bin/../lib/gcc/avr/5.4.0/../../../../avr/lib/avr5/memx-const\libm.a(fixsfsi.o) (__fixunssfsi)
c:/program files/microchip/xc8/v2.32/avr/bin/../lib/gcc/avr/5.4.0/../../../../avr/lib/avr5/memx-const\libm.a(floatsisf.o)
                              build/default/production/main.o (__floatsisf)
c:/program files/microchip/xc8/v2.32/avr/bin/../lib/gcc/avr/5.4.0/../../../../avr/lib/avr5/memx-const\libm.a(fp_split3.o)
                              c:/program files/microchip/xc8/v2.32/avr/bin/../lib/gcc/avr/5.4.0/../../../../avr/lib/avr5/memx-const\libm.a(fixunssfsi.o) (__fp_splitA)
c:/program files/microchip/xc8/v2.32/avr/bin/../lib/gcc/avr/5.4.0/../../../../avr/lib/avr5/memx-const\libm.a(fp_zero.o)
                              c:/program files/microchip/xc8/v2.32/avr/bin/../lib/gcc/avr/5.4.0/../../../../avr/lib/avr5/memx-const\libm.a(fixunssfsi.o) (__fp_zero)
c:/program files/microchip/xc8/v2.32/avr/bin/../lib/gcc/avr/5.4.0/../../../../avr/lib/avr5/memx-const\libm.a(mulsf3.o)
                              build/default/production/main.o (__mulsf3)
c:/program files/microchip/xc8/v2.32/avr/bin/../lib/gcc/avr/5.4.0/../../../../avr/lib/avr5/memx-const\libm.a(mulsf3x.o)
                              c:/program files/microchip/xc8/v2.32/avr/bin/../lib/gcc/avr/5.4.0/../../../../avr/lib/avr5/memx-const\libm.a(mulsf3.o) (__mulsf3x)
c:/program files/microchip/xc8/v2.32/avr/bin/../lib/gcc/avr/5.4.0/../../../../avr/lib/avr5/memx-const\libm.a(fp_inf.o)
                              c:/program files/microchip/xc8/v2.32/avr/bin/../lib/gcc/avr/5.4.0/../../../../avr/lib/avr5/memx-const\libm.a(mulsf3x.o) (__fp_inf)
c:/program files/microchip/xc8/v2.32/avr/bin/../lib/gcc/avr/5.4.0/../../../../avr/lib/avr5/memx-const\libm.a(fp_nan.o)
                              c:/program files/microchip/xc8/v2.32/avr/bin/../lib/gcc/avr/5.4.0/../../../../avr/lib/avr5/memx-const\libm.a(mulsf3x.o) (__fp_nan)
c:/program files/microchip/xc8/v2.32/avr/bin/../lib/gcc/avr/5.4.0/../../../../avr/lib/avr5/memx-const\libm.a(fp_pscA.o)
                              c:/program files/microchip/xc8/v2.32/avr/bin/../lib/gcc/avr/5.4.0/../../../../avr/lib/avr5/memx-const\libm.a(mulsf3x.o) (__fp_pscA)
c:/program files/microchip/xc8/v2.32/avr/bin/../lib/gcc/avr/5.4.0/../../../../avr/lib/avr5/memx-const\libm.a(fp_pscB.o)
                              c:/program files/microchip/xc8/v2.32/avr/bin/../lib/gcc/avr/5.4.0/../../../../avr/lib/avr5/memx-const\libm.a(mulsf3x.o) (__fp_pscB)
c:/program files/microchip/xc8/v2.32/avr/bin/../lib/gcc/avr/5.4.0/../../../../avr/lib/avr5/memx-const\libm.a(fp_round.o)
                              c:/program files/microchip/xc8/v2.32/avr/bin/../lib/gcc/avr/5.4.0/../../../../avr/lib/avr5/memx-const\libm.a(mulsf3.o) (__fp_round)
c:/program files/microchip/xc8/v2.32/avr/bin/../lib/gcc/avr/5.4.0/avr5/memx-const\libgcc.a(_exit.o)
                              C:/Program Files/Microchip/MPLABX/v5.50/packs/Microchip/ATmega_DFP/2.3.126/xc8/avr/lib/avr5/memx-const/crtatmega32a.o (exit)
c:/program files/microchip/xc8/v2.32/avr/bin/../lib/gcc/avr/5.4.0/avr5/memx-const\libgcc.a(_copy_data.o)
                              build/default/production/main.o (__do_copy_data)
c:/program files/microchip/xc8/v2.32/avr/bin/../lib/gcc/avr/5.4.0/../../../../avr/lib/avr5/memx-const\libc.a(itoa_ncheck.o)
                              build/default/production/mLCD.o (__itoa_ncheck)
c:/program files/microchip/xc8/v2.32/avr/bin/../lib/gcc/avr/5.4.0/../../../../avr/lib/avr5/memx-const\libc.a(utoa_ncheck.o)
                              c:/program files/microchip/xc8/v2.32/avr/bin/../lib/gcc/avr/5.4.0/../../../../avr/lib/avr5/memx-const\libc.a(itoa_ncheck.o) (__utoa_common)
c:/program files/microchip/xc8/v2.32/avr/bin/../lib/gcc/avr/5.4.0/../../../../avr/lib/avr5/memx-const\libc.a(strrev.o)
                              c:/program files/microchip/xc8/v2.32/avr/bin/../lib/gcc/avr/5.4.0/../../../../avr/lib/avr5/memx-const\libc.a(utoa_ncheck.o) (strrev)

Discarded input sections

 .data          0x0000000000000000        0x0 C:/Program Files/Microchip/MPLABX/v5.50/packs/Microchip/ATmega_DFP/2.3.126/xc8/avr/lib/avr5/memx-const/crtatmega32a.o
 .bss           0x0000000000000000        0x0 C:/Program Files/Microchip/MPLABX/v5.50/packs/Microchip/ATmega_DFP/2.3.126/xc8/avr/lib/avr5/memx-const/crtatmega32a.o
 .text          0x0000000000000000        0x0 build/default/production/main.o
 .data          0x0000000000000000        0x0 build/default/production/main.o
 .bss           0x0000000000000000        0x0 build/default/production/main.o
 .text          0x0000000000000000        0x0 build/default/production/IO.o
 .data          0x0000000000000000        0x0 build/default/production/IO.o
 .bss           0x0000000000000000        0x0 build/default/production/IO.o
 .text.isPressed
                0x0000000000000000       0x70 build/default/production/IO.o
 .text.isPress_B
                0x0000000000000000       0x18 build/default/production/IO.o
 .text.init_Buzzer
                0x0000000000000000        0x4 build/default/production/IO.o
 .text.set_Buzzer
                0x0000000000000000        0xc build/default/production/IO.o
 .text.init_Relay
                0x0000000000000000        0x4 build/default/production/IO.o
 .text.set_Relay
                0x0000000000000000        0xc build/default/production/IO.o
 .text.init_Leds
                0x0000000000000000        0xa build/default/production/IO.o
 .text.set_Led  0x0000000000000000       0x3c build/default/production/IO.o
 .text.init_Buttons
                0x0000000000000000        0x8 build/default/production/IO.o
 .text._setPortDir
                0x0000000000000000       0x7c build/default/production/IO.o
 .text.setPortDir
                0x0000000000000000       0x5c build/default/production/IO.o
 .text.setPortData
                0x0000000000000000       0x34 build/default/production/IO.o
 .text.togglePortData
                0x0000000000000000       0x44 build/default/production/IO.o
 .text.togglePinData
                0x0000000000000000       0x72 build/default/production/IO.o
 .text          0x0000000000000000        0x0 build/default/production/uart.o
 .data          0x0000000000000000        0x0 build/default/production/uart.o
 .bss           0x0000000000000000        0x0 build/default/production/uart.o
 .text.init_uart
                0x0000000000000000        0x2 build/default/production/uart.o
 .text.uart_send
                0x0000000000000000        0x2 build/default/production/uart.o
 .text.uart_send_Num
                0x0000000000000000        0x2 build/default/production/uart.o
 .text.uart_send_Str
                0x0000000000000000        0x2 build/default/production/uart.o
 .text.uart_receive
                0x0000000000000000        0x4 build/default/production/uart.o
 .debug_info    0x0000000000000000      0x33c build/default/production/uart.o
 .debug_abbrev  0x0000000000000000       0x6d build/default/production/uart.o
 .debug_aranges
                0x0000000000000000       0x40 build/default/production/uart.o
 .debug_ranges  0x0000000000000000       0x30 build/default/production/uart.o
 .debug_line    0x0000000000000000       0x78 build/default/production/uart.o
 .debug_str     0x0000000000000000        0x0 build/default/production/uart.o
 .comment       0x0000000000000000       0x30 build/default/production/uart.o
 .debug_frame   0x0000000000000000       0x64 build/default/production/uart.o
 .text          0x0000000000000000        0x0 build/default/production/mLCD.o
 .data          0x0000000000000000        0x0 build/default/production/mLCD.o
 .bss           0x0000000000000000        0x0 build/default/production/mLCD.o
 .text.LCD_EN   0x0000000000000000       0x2e build/default/production/mLCD.o
 .text.LCD_DATA
                0x0000000000000000       0x34 build/default/production/mLCD.o
 .text.LCD_CMD  0x0000000000000000       0x34 build/default/production/mLCD.o
 .text.LCD_CLEAR
                0x0000000000000000        0x8 build/default/production/mLCD.o
 .text.init_LCD
                0x0000000000000000       0xb2 build/default/production/mLCD.o
 .text.LCD_Write_Str
                0x0000000000000000       0x1e build/default/production/mLCD.o
 .text.LCD_Write_Num
                0x0000000000000000       0x3a build/default/production/mLCD.o
 .text.goto_XY  0x0000000000000000       0x1c build/default/production/mLCD.o
 .text.LCD_shiftRight
                0x0000000000000000        0x8 build/default/production/mLCD.o
 .debug_info    0x0000000000000000      0x9ac build/default/production/mLCD.o
 .debug_abbrev  0x0000000000000000      0x1f6 build/default/production/mLCD.o
 .debug_loc     0x0000000000000000      0x40c build/default/production/mLCD.o
 .debug_aranges
                0x0000000000000000       0x60 build/default/production/mLCD.o
 .debug_ranges  0x0000000000000000       0x50 build/default/production/mLCD.o
 .debug_line    0x0000000000000000      0x27a build/default/production/mLCD.o
 .debug_str     0x0000000000000000       0x60 build/default/production/mLCD.o
 .comment       0x0000000000000000       0x30 build/default/production/mLCD.o
 .debug_frame   0x0000000000000000       0xd0 build/default/production/mLCD.o
 .text          0x0000000000000000        0x0 build/default/production/mLCD_4bit.o
 .data          0x0000000000000000        0x0 build/default/production/mLCD_4bit.o
 .bss           0x0000000000000000        0x0 build/default/production/mLCD_4bit.o
 .text.goto_XY_4bit
                0x0000000000000000       0x1c build/default/production/mLCD_4bit.o
 .text          0x0000000000000000        0x0 build/default/production/mMotor.o
 .data          0x0000000000000000        0x0 build/default/production/mMotor.o
 .bss           0x0000000000000000        0x0 build/default/production/mMotor.o
 .text.init_Motor
                0x0000000000000000       0x22 build/default/production/mMotor.o
 .text.Motor_Stop
                0x0000000000000000       0x22 build/default/production/mMotor.o
 .text.Motor_Reverse
                0x0000000000000000       0x38 build/default/production/mMotor.o
 .text.Motor_Forward
                0x0000000000000000       0x38 build/default/production/mMotor.o
 .debug_info    0x0000000000000000      0x4ef build/default/production/mMotor.o
 .debug_abbrev  0x0000000000000000       0xef build/default/production/mMotor.o
 .debug_loc     0x0000000000000000       0x90 build/default/production/mMotor.o
 .debug_aranges
                0x0000000000000000       0x38 build/default/production/mMotor.o
 .debug_ranges  0x0000000000000000       0x28 build/default/production/mMotor.o
 .debug_line    0x0000000000000000      0x146 build/default/production/mMotor.o
 .debug_str     0x0000000000000000       0x15 build/default/production/mMotor.o
 .comment       0x0000000000000000       0x30 build/default/production/mMotor.o
 .debug_frame   0x0000000000000000       0x54 build/default/production/mMotor.o
 .text          0x0000000000000000        0x0 build/default/production/mKeypad.o
 .data          0x0000000000000000        0x0 build/default/production/mKeypad.o
 .bss           0x0000000000000000        0x0 build/default/production/mKeypad.o
 .text.init_keypad
                0x0000000000000000       0x14 build/default/production/mKeypad.o
 .text.getKey   0x0000000000000000      0x2d0 build/default/production/mKeypad.o
 .debug_info    0x0000000000000000      0x7f4 build/default/production/mKeypad.o
 .debug_abbrev  0x0000000000000000      0x11f build/default/production/mKeypad.o
 .debug_loc     0x0000000000000000      0x4fc build/default/production/mKeypad.o
 .debug_aranges
                0x0000000000000000       0x28 build/default/production/mKeypad.o
 .debug_ranges  0x0000000000000000       0x30 build/default/production/mKeypad.o
 .debug_line    0x0000000000000000      0x2b3 build/default/production/mKeypad.o
 .debug_str     0x0000000000000000        0xa build/default/production/mKeypad.o
 .comment       0x0000000000000000       0x30 build/default/production/mKeypad.o
 .debug_frame   0x0000000000000000       0x48 build/default/production/mKeypad.o
 .text          0x0000000000000000        0x0 build/default/production/mExternalInterrupt.o
 .data          0x0000000000000000        0x0 build/default/production/mExternalInterrupt.o
 .bss           0x0000000000000000        0x0 build/default/production/mExternalInterrupt.o
 .text.init_INT
                0x0000000000000000       0x54 build/default/production/mExternalInterrupt.o
 .debug_info    0x0000000000000000      0x25d build/default/production/mExternalInterrupt.o
 .debug_abbrev  0x0000000000000000       0x55 build/default/production/mExternalInterrupt.o
 .debug_loc     0x0000000000000000       0xc4 build/default/production/mExternalInterrupt.o
 .debug_aranges
                0x0000000000000000       0x20 build/default/production/mExternalInterrupt.o
 .debug_ranges  0x0000000000000000       0x10 build/default/production/mExternalInterrupt.o
 .debug_line    0x0000000000000000       0xb7 build/default/production/mExternalInterrupt.o
 .debug_str     0x0000000000000000        0x0 build/default/production/mExternalInterrupt.o
 .comment       0x0000000000000000       0x30 build/default/production/mExternalInterrupt.o
 .debug_frame   0x0000000000000000       0x24 build/default/production/mExternalInterrupt.o
 .text          0x0000000000000000        0x0 build/default/production/mADC.o
 .data          0x0000000000000000        0x0 build/default/production/mADC.o
 .bss           0x0000000000000000        0x0 build/default/production/mADC.o
 .text          0x0000000000000000        0x0 c:/program files/microchip/xc8/v2.32/avr/bin/../lib/gcc/avr/5.4.0/../../../../avr/lib/avr5/memx-const\libm.a(fixsfsi.o)
 .data          0x0000000000000000        0x0 c:/program files/microchip/xc8/v2.32/avr/bin/../lib/gcc/avr/5.4.0/../../../../avr/lib/avr5/memx-const\libm.a(fixsfsi.o)
 .bss           0x0000000000000000        0x0 c:/program files/microchip/xc8/v2.32/avr/bin/../lib/gcc/avr/5.4.0/../../../../avr/lib/avr5/memx-const\libm.a(fixsfsi.o)
 .stack.descriptors
                0x0000000000000000       0x17 c:/program files/microchip/xc8/v2.32/avr/bin/../lib/gcc/avr/5.4.0/../../../../avr/lib/avr5/memx-const\libm.a(fixsfsi.o)
 .text          0x0000000000000000        0x0 c:/program files/microchip/xc8/v2.32/avr/bin/../lib/gcc/avr/5.4.0/../../../../avr/lib/avr5/memx-const\libm.a(fixunssfsi.o)
 .data          0x0000000000000000        0x0 c:/program files/microchip/xc8/v2.32/avr/bin/../lib/gcc/avr/5.4.0/../../../../avr/lib/avr5/memx-const\libm.a(fixunssfsi.o)
 .bss           0x0000000000000000        0x0 c:/program files/microchip/xc8/v2.32/avr/bin/../lib/gcc/avr/5.4.0/../../../../avr/lib/avr5/memx-const\libm.a(fixunssfsi.o)
 .stack.descriptors
                0x0000000000000000       0x1a c:/program files/microchip/xc8/v2.32/avr/bin/../lib/gcc/avr/5.4.0/../../../../avr/lib/avr5/memx-const\libm.a(fixunssfsi.o)
 .text          0x0000000000000000        0x0 c:/program files/microchip/xc8/v2.32/avr/bin/../lib/gcc/avr/5.4.0/../../../../avr/lib/avr5/memx-const\libm.a(floatsisf.o)
 .data          0x0000000000000000        0x0 c:/program files/microchip/xc8/v2.32/avr/bin/../lib/gcc/avr/5.4.0/../../../../avr/lib/avr5/memx-const\libm.a(floatsisf.o)
 .bss           0x0000000000000000        0x0 c:/program files/microchip/xc8/v2.32/avr/bin/../lib/gcc/avr/5.4.0/../../../../avr/lib/avr5/memx-const\libm.a(floatsisf.o)
 .stack.descriptors
                0x0000000000000000       0x34 c:/program files/microchip/xc8/v2.32/avr/bin/../lib/gcc/avr/5.4.0/../../../../avr/lib/avr5/memx-const\libm.a(floatsisf.o)
 .text          0x0000000000000000        0x0 c:/program files/microchip/xc8/v2.32/avr/bin/../lib/gcc/avr/5.4.0/../../../../avr/lib/avr5/memx-const\libm.a(fp_split3.o)
 .data          0x0000000000000000        0x0 c:/program files/microchip/xc8/v2.32/avr/bin/../lib/gcc/avr/5.4.0/../../../../avr/lib/avr5/memx-const\libm.a(fp_split3.o)
 .bss           0x0000000000000000        0x0 c:/program files/microchip/xc8/v2.32/avr/bin/../lib/gcc/avr/5.4.0/../../../../avr/lib/avr5/memx-const\libm.a(fp_split3.o)
 .stack.descriptors
                0x0000000000000000       0x32 c:/program files/microchip/xc8/v2.32/avr/bin/../lib/gcc/avr/5.4.0/../../../../avr/lib/avr5/memx-const\libm.a(fp_split3.o)
 .text          0x0000000000000000        0x0 c:/program files/microchip/xc8/v2.32/avr/bin/../lib/gcc/avr/5.4.0/../../../../avr/lib/avr5/memx-const\libm.a(fp_zero.o)
 .data          0x0000000000000000        0x0 c:/program files/microchip/xc8/v2.32/avr/bin/../lib/gcc/avr/5.4.0/../../../../avr/lib/avr5/memx-const\libm.a(fp_zero.o)
 .bss           0x0000000000000000        0x0 c:/program files/microchip/xc8/v2.32/avr/bin/../lib/gcc/avr/5.4.0/../../../../avr/lib/avr5/memx-const\libm.a(fp_zero.o)
 .stack.descriptors
                0x0000000000000000       0x2f c:/program files/microchip/xc8/v2.32/avr/bin/../lib/gcc/avr/5.4.0/../../../../avr/lib/avr5/memx-const\libm.a(fp_zero.o)
 .text          0x0000000000000000        0x0 c:/program files/microchip/xc8/v2.32/avr/bin/../lib/gcc/avr/5.4.0/../../../../avr/lib/avr5/memx-const\libm.a(mulsf3.o)
 .data          0x0000000000000000        0x0 c:/program files/microchip/xc8/v2.32/avr/bin/../lib/gcc/avr/5.4.0/../../../../avr/lib/avr5/memx-const\libm.a(mulsf3.o)
 .bss           0x0000000000000000        0x0 c:/program files/microchip/xc8/v2.32/avr/bin/../lib/gcc/avr/5.4.0/../../../../avr/lib/avr5/memx-const\libm.a(mulsf3.o)
 .stack.descriptors
                0x0000000000000000       0x16 c:/program files/microchip/xc8/v2.32/avr/bin/../lib/gcc/avr/5.4.0/../../../../avr/lib/avr5/memx-const\libm.a(mulsf3.o)
 .text          0x0000000000000000        0x0 c:/program files/microchip/xc8/v2.32/avr/bin/../lib/gcc/avr/5.4.0/../../../../avr/lib/avr5/memx-const\libm.a(mulsf3x.o)
 .data          0x0000000000000000        0x0 c:/program files/microchip/xc8/v2.32/avr/bin/../lib/gcc/avr/5.4.0/../../../../avr/lib/avr5/memx-const\libm.a(mulsf3x.o)
 .bss           0x0000000000000000        0x0 c:/program files/microchip/xc8/v2.32/avr/bin/../lib/gcc/avr/5.4.0/../../../../avr/lib/avr5/memx-const\libm.a(mulsf3x.o)
 .stack.descriptors
                0x0000000000000000       0x31 c:/program files/microchip/xc8/v2.32/avr/bin/../lib/gcc/avr/5.4.0/../../../../avr/lib/avr5/memx-const\libm.a(mulsf3x.o)
 .text          0x0000000000000000        0x0 c:/program files/microchip/xc8/v2.32/avr/bin/../lib/gcc/avr/5.4.0/../../../../avr/lib/avr5/memx-const\libm.a(fp_inf.o)
 .data          0x0000000000000000        0x0 c:/program files/microchip/xc8/v2.32/avr/bin/../lib/gcc/avr/5.4.0/../../../../avr/lib/avr5/memx-const\libm.a(fp_inf.o)
 .bss           0x0000000000000000        0x0 c:/program files/microchip/xc8/v2.32/avr/bin/../lib/gcc/avr/5.4.0/../../../../avr/lib/avr5/memx-const\libm.a(fp_inf.o)
 .stack.descriptors
                0x0000000000000000       0x16 c:/program files/microchip/xc8/v2.32/avr/bin/../lib/gcc/avr/5.4.0/../../../../avr/lib/avr5/memx-const\libm.a(fp_inf.o)
 .text          0x0000000000000000        0x0 c:/program files/microchip/xc8/v2.32/avr/bin/../lib/gcc/avr/5.4.0/../../../../avr/lib/avr5/memx-const\libm.a(fp_nan.o)
 .data          0x0000000000000000        0x0 c:/program files/microchip/xc8/v2.32/avr/bin/../lib/gcc/avr/5.4.0/../../../../avr/lib/avr5/memx-const\libm.a(fp_nan.o)
 .bss           0x0000000000000000        0x0 c:/program files/microchip/xc8/v2.32/avr/bin/../lib/gcc/avr/5.4.0/../../../../avr/lib/avr5/memx-const\libm.a(fp_nan.o)
 .stack.descriptors
                0x0000000000000000       0x16 c:/program files/microchip/xc8/v2.32/avr/bin/../lib/gcc/avr/5.4.0/../../../../avr/lib/avr5/memx-const\libm.a(fp_nan.o)
 .text          0x0000000000000000        0x0 c:/program files/microchip/xc8/v2.32/avr/bin/../lib/gcc/avr/5.4.0/../../../../avr/lib/avr5/memx-const\libm.a(fp_pscA.o)
 .data          0x0000000000000000        0x0 c:/program files/microchip/xc8/v2.32/avr/bin/../lib/gcc/avr/5.4.0/../../../../avr/lib/avr5/memx-const\libm.a(fp_pscA.o)
 .bss           0x0000000000000000        0x0 c:/program files/microchip/xc8/v2.32/avr/bin/../lib/gcc/avr/5.4.0/../../../../avr/lib/avr5/memx-const\libm.a(fp_pscA.o)
 .stack.descriptors
                0x0000000000000000       0x17 c:/program files/microchip/xc8/v2.32/avr/bin/../lib/gcc/avr/5.4.0/../../../../avr/lib/avr5/memx-const\libm.a(fp_pscA.o)
 .text          0x0000000000000000        0x0 c:/program files/microchip/xc8/v2.32/avr/bin/../lib/gcc/avr/5.4.0/../../../../avr/lib/avr5/memx-const\libm.a(fp_pscB.o)
 .data          0x0000000000000000        0x0 c:/program files/microchip/xc8/v2.32/avr/bin/../lib/gcc/avr/5.4.0/../../../../avr/lib/avr5/memx-const\libm.a(fp_pscB.o)
 .bss           0x0000000000000000        0x0 c:/program files/microchip/xc8/v2.32/avr/bin/../lib/gcc/avr/5.4.0/../../../../avr/lib/avr5/memx-const\libm.a(fp_pscB.o)
 .stack.descriptors
                0x0000000000000000       0x17 c:/program files/microchip/xc8/v2.32/avr/bin/../lib/gcc/avr/5.4.0/../../../../avr/lib/avr5/memx-const\libm.a(fp_pscB.o)
 .text          0x0000000000000000        0x0 c:/program files/microchip/xc8/v2.32/avr/bin/../lib/gcc/avr/5.4.0/../../../../avr/lib/avr5/memx-const\libm.a(fp_round.o)
 .data          0x0000000000000000        0x0 c:/program files/microchip/xc8/v2.32/avr/bin/../lib/gcc/avr/5.4.0/../../../../avr/lib/avr5/memx-const\libm.a(fp_round.o)
 .bss           0x0000000000000000        0x0 c:/program files/microchip/xc8/v2.32/avr/bin/../lib/gcc/avr/5.4.0/../../../../avr/lib/avr5/memx-const\libm.a(fp_round.o)
 .stack.descriptors
                0x0000000000000000       0x18 c:/program files/microchip/xc8/v2.32/avr/bin/../lib/gcc/avr/5.4.0/../../../../avr/lib/avr5/memx-const\libm.a(fp_round.o)
 .text          0x0000000000000000        0x0 c:/program files/microchip/xc8/v2.32/avr/bin/../lib/gcc/avr/5.4.0/avr5/memx-const\libgcc.a(_exit.o)
 .data          0x0000000000000000        0x0 c:/program files/microchip/xc8/v2.32/avr/bin/../lib/gcc/avr/5.4.0/avr5/memx-const\libgcc.a(_exit.o)
 .bss           0x0000000000000000        0x0 c:/program files/microchip/xc8/v2.32/avr/bin/../lib/gcc/avr/5.4.0/avr5/memx-const\libgcc.a(_exit.o)
 .text.libgcc.mul
                0x0000000000000000        0x0 c:/program files/microchip/xc8/v2.32/avr/bin/../lib/gcc/avr/5.4.0/avr5/memx-const\libgcc.a(_exit.o)
 .text.libgcc.div
                0x0000000000000000        0x0 c:/program files/microchip/xc8/v2.32/avr/bin/../lib/gcc/avr/5.4.0/avr5/memx-const\libgcc.a(_exit.o)
 .text.libgcc   0x0000000000000000        0x0 c:/program files/microchip/xc8/v2.32/avr/bin/../lib/gcc/avr/5.4.0/avr5/memx-const\libgcc.a(_exit.o)
 .text.libgcc.prologue
                0x0000000000000000        0x0 c:/program files/microchip/xc8/v2.32/avr/bin/../lib/gcc/avr/5.4.0/avr5/memx-const\libgcc.a(_exit.o)
 .stack.descriptors
                0x0000000000000000       0x13 c:/program files/microchip/xc8/v2.32/avr/bin/../lib/gcc/avr/5.4.0/avr5/memx-const\libgcc.a(_exit.o)
 .text.libgcc.builtins
                0x0000000000000000        0x0 c:/program files/microchip/xc8/v2.32/avr/bin/../lib/gcc/avr/5.4.0/avr5/memx-const\libgcc.a(_exit.o)
 .text.libgcc.fmul
                0x0000000000000000        0x0 c:/program files/microchip/xc8/v2.32/avr/bin/../lib/gcc/avr/5.4.0/avr5/memx-const\libgcc.a(_exit.o)
 .text.libgcc.fixed
                0x0000000000000000        0x0 c:/program files/microchip/xc8/v2.32/avr/bin/../lib/gcc/avr/5.4.0/avr5/memx-const\libgcc.a(_exit.o)
 .text          0x0000000000000000        0x0 c:/program files/microchip/xc8/v2.32/avr/bin/../lib/gcc/avr/5.4.0/avr5/memx-const\libgcc.a(_copy_data.o)
 .data          0x0000000000000000        0x0 c:/program files/microchip/xc8/v2.32/avr/bin/../lib/gcc/avr/5.4.0/avr5/memx-const\libgcc.a(_copy_data.o)
 .bss           0x0000000000000000        0x0 c:/program files/microchip/xc8/v2.32/avr/bin/../lib/gcc/avr/5.4.0/avr5/memx-const\libgcc.a(_copy_data.o)
 .text.libgcc.mul
                0x0000000000000000        0x0 c:/program files/microchip/xc8/v2.32/avr/bin/../lib/gcc/avr/5.4.0/avr5/memx-const\libgcc.a(_copy_data.o)
 .text.libgcc.div
                0x0000000000000000        0x0 c:/program files/microchip/xc8/v2.32/avr/bin/../lib/gcc/avr/5.4.0/avr5/memx-const\libgcc.a(_copy_data.o)
 .text.libgcc   0x0000000000000000        0x0 c:/program files/microchip/xc8/v2.32/avr/bin/../lib/gcc/avr/5.4.0/avr5/memx-const\libgcc.a(_copy_data.o)
 .text.libgcc.prologue
                0x0000000000000000        0x0 c:/program files/microchip/xc8/v2.32/avr/bin/../lib/gcc/avr/5.4.0/avr5/memx-const\libgcc.a(_copy_data.o)
 .text.libgcc.builtins
                0x0000000000000000        0x0 c:/program files/microchip/xc8/v2.32/avr/bin/../lib/gcc/avr/5.4.0/avr5/memx-const\libgcc.a(_copy_data.o)
 .text.libgcc.fmul
                0x0000000000000000        0x0 c:/program files/microchip/xc8/v2.32/avr/bin/../lib/gcc/avr/5.4.0/avr5/memx-const\libgcc.a(_copy_data.o)
 .text.libgcc.fixed
                0x0000000000000000        0x0 c:/program files/microchip/xc8/v2.32/avr/bin/../lib/gcc/avr/5.4.0/avr5/memx-const\libgcc.a(_copy_data.o)
 .text          0x0000000000000000        0x0 c:/program files/microchip/xc8/v2.32/avr/bin/../lib/gcc/avr/5.4.0/../../../../avr/lib/avr5/memx-const\libc.a(itoa_ncheck.o)
 .data          0x0000000000000000        0x0 c:/program files/microchip/xc8/v2.32/avr/bin/../lib/gcc/avr/5.4.0/../../../../avr/lib/avr5/memx-const\libc.a(itoa_ncheck.o)
 .bss           0x0000000000000000        0x0 c:/program files/microchip/xc8/v2.32/avr/bin/../lib/gcc/avr/5.4.0/../../../../avr/lib/avr5/memx-const\libc.a(itoa_ncheck.o)
 .stack.descriptors
                0x0000000000000000       0x1b c:/program files/microchip/xc8/v2.32/avr/bin/../lib/gcc/avr/5.4.0/../../../../avr/lib/avr5/memx-const\libc.a(itoa_ncheck.o)
 .text          0x0000000000000000        0x0 c:/program files/microchip/xc8/v2.32/avr/bin/../lib/gcc/avr/5.4.0/../../../../avr/lib/avr5/memx-const\libc.a(utoa_ncheck.o)
 .data          0x0000000000000000        0x0 c:/program files/microchip/xc8/v2.32/avr/bin/../lib/gcc/avr/5.4.0/../../../../avr/lib/avr5/memx-const\libc.a(utoa_ncheck.o)
 .bss           0x0000000000000000        0x0 c:/program files/microchip/xc8/v2.32/avr/bin/../lib/gcc/avr/5.4.0/../../../../avr/lib/avr5/memx-const\libc.a(utoa_ncheck.o)
 .stack.descriptors
                0x0000000000000000       0x36 c:/program files/microchip/xc8/v2.32/avr/bin/../lib/gcc/avr/5.4.0/../../../../avr/lib/avr5/memx-const\libc.a(utoa_ncheck.o)
 .text          0x0000000000000000        0x0 c:/program files/microchip/xc8/v2.32/avr/bin/../lib/gcc/avr/5.4.0/../../../../avr/lib/avr5/memx-const\libc.a(strrev.o)
 .data          0x0000000000000000        0x0 c:/program files/microchip/xc8/v2.32/avr/bin/../lib/gcc/avr/5.4.0/../../../../avr/lib/avr5/memx-const\libc.a(strrev.o)
 .bss           0x0000000000000000        0x0 c:/program files/microchip/xc8/v2.32/avr/bin/../lib/gcc/avr/5.4.0/../../../../avr/lib/avr5/memx-const\libc.a(strrev.o)
 .stack.descriptors
                0x0000000000000000       0x14 c:/program files/microchip/xc8/v2.32/avr/bin/../lib/gcc/avr/5.4.0/../../../../avr/lib/avr5/memx-const\libc.a(strrev.o)

Memory Configuration

Name             Origin             Length             Attributes
text             0x0000000000000000 0x0000000000008000 xr
data             0x0000000000800060 0x0000000000000800 rw !x
eeprom           0x0000000000810000 0x0000000000000400 rw !x
fuse             0x0000000000820000 0x0000000000000002 rw !x
lock             0x0000000000830000 0x0000000000000400 rw !x
signature        0x0000000000840000 0x0000000000000400 rw !x
user_signatures  0x0000000000850000 0x0000000000000400 rw !x
*default*        0x0000000000000000 0xffffffffffffffff

Linker script and memory map

LOAD C:/Program Files/Microchip/MPLABX/v5.50/packs/Microchip/ATmega_DFP/2.3.126/xc8/avr/lib/avr5/memx-const/crtatmega32a.o
                0x0000000000000001                __MPLAB_BUILD = 0x1
LOAD build/default/production/main.o
LOAD build/default/production/IO.o
LOAD build/default/production/uart.o
LOAD build/default/production/mLCD.o
LOAD build/default/production/mLCD_4bit.o
LOAD build/default/production/mMotor.o
LOAD build/default/production/mKeypad.o
LOAD build/default/production/mExternalInterrupt.o
LOAD build/default/production/mADC.o
START GROUP
LOAD c:/program files/microchip/xc8/v2.32/avr/bin/../lib/gcc/avr/5.4.0/../../../../avr/lib/avr5/memx-const\libm.a
END GROUP
START GROUP
LOAD c:/program files/microchip/xc8/v2.32/avr/bin/../lib/gcc/avr/5.4.0/avr5/memx-const\libgcc.a
LOAD c:/program files/microchip/xc8/v2.32/avr/bin/../lib/gcc/avr/5.4.0/../../../../avr/lib/avr5/memx-const\libm.a
LOAD c:/program files/microchip/xc8/v2.32/avr/bin/../lib/gcc/avr/5.4.0/../../../../avr/lib/avr5/memx-const\libc.a
LOAD C:/Program Files/Microchip/MPLABX/v5.50/packs/Microchip/ATmega_DFP/2.3.126/xc8/avr/lib/avr5/memx-const\libatmega32a.a
END GROUP
                [0x0000000000000000]                __TEXT_REGION_ORIGIN__ = DEFINED (__TEXT_REGION_ORIGIN__)?__TEXT_REGION_ORIGIN__:0x0
                [0x0000000000800060]                __DATA_REGION_ORIGIN__ = DEFINED (__DATA_REGION_ORIGIN__)?__DATA_REGION_ORIGIN__:0x800060
                [0x0000000000008000]                __TEXT_REGION_LENGTH__ = DEFINED (__TEXT_REGION_LENGTH__)?__TEXT_REGION_LENGTH__:0x20000
                [0x0000000000000800]                __DATA_REGION_LENGTH__ = DEFINED (__DATA_REGION_LENGTH__)?__DATA_REGION_LENGTH__:0xffa0
                [0x0000000000000400]                __EEPROM_REGION_LENGTH__ = DEFINED (__EEPROM_REGION_LENGTH__)?__EEPROM_REGION_LENGTH__:0x10000
                [0x0000000000000002]                __FUSE_REGION_LENGTH__ = DEFINED (__FUSE_REGION_LENGTH__)?__FUSE_REGION_LENGTH__:0x400
                0x0000000000000400                __LOCK_REGION_LENGTH__ = DEFINED (__LOCK_REGION_LENGTH__)?__LOCK_REGION_LENGTH__:0x400
                0x0000000000000400                __SIGNATURE_REGION_LENGTH__ = DEFINED (__SIGNATURE_REGION_LENGTH__)?__SIGNATURE_REGION_LENGTH__:0x400
                0x0000000000000400                __USER_SIGNATURE_REGION_LENGTH__ = DEFINED (__USER_SIGNATURE_REGION_LENGTH__)?__USER_SIGNATURE_REGION_LENGTH__:0x400

.hash
 *(.hash)

.dynsym
 *(.dynsym)

.dynstr
 *(.dynstr)

.gnu.version
 *(.gnu.version)

.gnu.version_d
 *(.gnu.version_d)

.gnu.version_r
 *(.gnu.version_r)

.rel.init
 *(.rel.init)

.rela.init
 *(.rela.init)

.rel.text
 *(.rel.text)
 *(.rel.text.*)
 *(.rel.gnu.linkonce.t*)

.rela.text
 *(.rela.text)
 *(.rela.text.*)
 *(.rela.gnu.linkonce.t*)

.rel.fini
 *(.rel.fini)

.rela.fini
 *(.rela.fini)

.rel.rodata
 *(.rel.rodata)
 *(.rel.rodata.*)
 *(.rel.gnu.linkonce.r*)

.rela.rodata
 *(.rela.rodata)
 *(.rela.rodata.*)
 *(.rela.gnu.linkonce.r*)

.rel.data
 *(.rel.data)
 *(.rel.data.*)
 *(.rel.gnu.linkonce.d*)

.rela.data
 *(.rela.data)
 *(.rela.data.*)
 *(.rela.gnu.linkonce.d*)

.rel.ctors
 *(.rel.ctors)

.rela.ctors
 *(.rela.ctors)

.rel.dtors
 *(.rel.dtors)

.rela.dtors
 *(.rela.dtors)

.rel.got
 *(.rel.got)

.rela.got
 *(.rela.got)

.rel.bss
 *(.rel.bss)

.rela.bss
 *(.rela.bss)

.rel.plt
 *(.rel.plt)

.rela.plt
 *(.rela.plt)

.text           0x0000000000000000       0xb0
 *(.vectors)
 .vectors       0x0000000000000000       0x54 C:/Program Files/Microchip/MPLABX/v5.50/packs/Microchip/ATmega_DFP/2.3.126/xc8/avr/lib/avr5/memx-const/crtatmega32a.o
                0x0000000000000000                __vector_default
                0x0000000000000000                __vectors
 *(.vectors)
 *(.progmem.gcc*)
 *(.dinit)
 .dinit         0x0000000000000054        0x7 data_init
                0x000000000000005c                . = ALIGN (0x2)
 *fill*         0x000000000000005b        0x1 
                0x000000000000005c                __trampolines_start = .
 *(.trampolines)
 .trampolines   0x000000000000005c        0x0 linker stubs
 *(.trampolines*)
                0x000000000000005c                __trampolines_end = .
 *libprintf_flt.a:*(.progmem.data)
 *libc.a:*(.progmem.data)
                0x000000000000005c                . = ALIGN (0x2)
 *(.jumptables)
 *(.jumptables*)
 *(.lowtext)
 *(.lowtext*)
                0x000000000000005c                __ctors_start = .
 *(.ctors)
                0x000000000000005c                __ctors_end = .
                0x000000000000005c                __dtors_start = .
 *(.dtors)
                0x000000000000005c                __dtors_end = .
 SORT(*)(.ctors)
 SORT(*)(.dtors)
 *(.init0)
 .init0         0x000000000000005c        0x0 C:/Program Files/Microchip/MPLABX/v5.50/packs/Microchip/ATmega_DFP/2.3.126/xc8/avr/lib/avr5/memx-const/crtatmega32a.o
                0x000000000000005c                __init
 *(.init0)
 *(.init1)
 *(.init1)
 *(.init2)
 .init2         0x000000000000005c        0xc C:/Program Files/Microchip/MPLABX/v5.50/packs/Microchip/ATmega_DFP/2.3.126/xc8/avr/lib/avr5/memx-const/crtatmega32a.o
 *(.init2)
 *(.init3)
 *(.init3)
 *(.init4)
 .init4         0x0000000000000068       0x3c c:/program files/microchip/xc8/v2.32/avr/bin/../lib/gcc/avr/5.4.0/avr5/memx-const\libgcc.a(_copy_data.o)
                0x0000000000000068                __do_copy_data
                0x0000000000000096                __do_clear_bss
 *(.init4)
 *(.init5)
 *(.init5)
 *(.init6)
 *(.init6)
 *(.init7)
 *(.init7)
 *(.init8)
 *(.init8)
 *(.init9)
 .init9         0x00000000000000a4        0x8 C:/Program Files/Microchip/MPLABX/v5.50/packs/Microchip/ATmega_DFP/2.3.126/xc8/avr/lib/avr5/memx-const/crtatmega32a.o
 *(.init9)
                0x00000000000000ac                . = ALIGN (0x2)
 *(.fini9)
 .fini9         0x00000000000000ac        0x0 c:/program files/microchip/xc8/v2.32/avr/bin/../lib/gcc/avr/5.4.0/avr5/memx-const\libgcc.a(_exit.o)
                0x00000000000000ac                _exit
                0x00000000000000ac                exit
 *(.fini9)
 *(.fini8)
 *(.fini8)
 *(.fini7)
 *(.fini7)
 *(.fini6)
 *(.fini6)
 *(.fini5)
 *(.fini5)
 *(.fini4)
 *(.fini4)
 *(.fini3)
 *(.fini3)
 *(.fini2)
 *(.fini2)
 *(.fini1)
 *(.fini1)
 *(.fini0)
 .fini0         0x00000000000000ac        0x4 c:/program files/microchip/xc8/v2.32/avr/bin/../lib/gcc/avr/5.4.0/avr5/memx-const\libgcc.a(_exit.o)
 *(.fini0)
                0x00000000000000b0                _etext = .

.data           0x0000000000800060        0x0 load address 0x00000000000000b0
                [!provide]                        PROVIDE (__data_start, .)
 *(.gnu.linkonce.d*)
 *(.gnu.linkonce.r*)
                0x0000000000800060                . = ALIGN (0x2)
                0x0000000000800060                _edata = .
                [!provide]                        PROVIDE (__data_end, .)

.bss            0x0000000000800060        0x0
                [!provide]                        PROVIDE (__bss_start, .)
 *(COMMON)
                [!provide]                        PROVIDE (__bss_end, .)
                0x00000000000000b0                __data_load_start = LOADADDR (.data)
                0x00000000000000b0                __data_load_end = (__data_load_start + SIZEOF (.data))

.noinit         0x0000000000800060        0x0
                [!provide]                        PROVIDE (__noinit_start, .)
 *(.noinit*)
                [!provide]                        PROVIDE (__noinit_end, .)
                0x0000000000800060                _end = .

.eeprom         0x0000000000810000        0x0
 *(.eeprom*)
                0x0000000000810000                __eeprom_end = .

.fuse
 *(.fuse)
 *(.lfuse)
 *(.hfuse)
 *(.efuse)

.lock
 *(.lock*)

.signature
 *(.signature*)

.user_signatures
 *(.user_signatures*)

.stab
 *(.stab)

.stabstr
 *(.stabstr)

.stab.excl
 *(.stab.excl)

.stab.exclstr
 *(.stab.exclstr)

.stab.index
 *(.stab.index)

.stab.indexstr
 *(.stab.indexstr)

.comment        0x0000000000000000       0x2f
 *(.comment)
 .comment       0x0000000000000000       0x2f build/default/production/main.o
                                         0x30 (size before relaxing)
 .comment       0x000000000000002f       0x30 build/default/production/IO.o
 .comment       0x000000000000002f       0x30 build/default/production/mLCD_4bit.o
 .comment       0x000000000000002f       0x30 build/default/production/mADC.o

.stack.descriptors.hdr
                0x0000000000000000       0xe0
 .stack.descriptors.hdr
                0x0000000000000000        0xe c:/program files/microchip/xc8/v2.32/avr/bin/../lib/gcc/avr/5.4.0/../../../../avr/lib/avr5/memx-const\libm.a(fixsfsi.o)
 .stack.descriptors.hdr
                0x000000000000000e        0xe c:/program files/microchip/xc8/v2.32/avr/bin/../lib/gcc/avr/5.4.0/../../../../avr/lib/avr5/memx-const\libm.a(fixunssfsi.o)
 .stack.descriptors.hdr
                0x000000000000001c        0xe c:/program files/microchip/xc8/v2.32/avr/bin/../lib/gcc/avr/5.4.0/../../../../avr/lib/avr5/memx-const\libm.a(floatsisf.o)
 .stack.descriptors.hdr
                0x000000000000002a        0xe c:/program files/microchip/xc8/v2.32/avr/bin/../lib/gcc/avr/5.4.0/../../../../avr/lib/avr5/memx-const\libm.a(fp_split3.o)
 .stack.descriptors.hdr
                0x0000000000000038        0xe c:/program files/microchip/xc8/v2.32/avr/bin/../lib/gcc/avr/5.4.0/../../../../avr/lib/avr5/memx-const\libm.a(fp_zero.o)
 .stack.descriptors.hdr
                0x0000000000000046        0xe c:/program files/microchip/xc8/v2.32/avr/bin/../lib/gcc/avr/5.4.0/../../../../avr/lib/avr5/memx-const\libm.a(mulsf3.o)
 .stack.descriptors.hdr
                0x0000000000000054        0xe c:/program files/microchip/xc8/v2.32/avr/bin/../lib/gcc/avr/5.4.0/../../../../avr/lib/avr5/memx-const\libm.a(mulsf3x.o)
 .stack.descriptors.hdr
                0x0000000000000062        0xe c:/program files/microchip/xc8/v2.32/avr/bin/../lib/gcc/avr/5.4.0/../../../../avr/lib/avr5/memx-const\libm.a(fp_inf.o)
 .stack.descriptors.hdr
                0x0000000000000070        0xe c:/program files/microchip/xc8/v2.32/avr/bin/../lib/gcc/avr/5.4.0/../../../../avr/lib/avr5/memx-const\libm.a(fp_nan.o)
 .stack.descriptors.hdr
                0x000000000000007e        0xe c:/program files/microchip/xc8/v2.32/avr/bin/../lib/gcc/avr/5.4.0/../../../../avr/lib/avr5/memx-const\libm.a(fp_pscA.o)
 .stack.descriptors.hdr
                0x000000000000008c        0xe c:/program files/microchip/xc8/v2.32/avr/bin/../lib/gcc/avr/5.4.0/../../../../avr/lib/avr5/memx-const\libm.a(fp_pscB.o)
 .stack.descriptors.hdr
                0x000000000000009a        0xe c:/program files/microchip/xc8/v2.32/avr/bin/../lib/gcc/avr/5.4.0/../../../../avr/lib/avr5/memx-const\libm.a(fp_round.o)
 .stack.descriptors.hdr
                0x00000000000000a8        0xe c:/program files/microchip/xc8/v2.32/avr/bin/../lib/gcc/avr/5.4.0/avr5/memx-const\libgcc.a(_exit.o)
 .stack.descriptors.hdr
                0x00000000000000b6        0xe c:/program files/microchip/xc8/v2.32/avr/bin/../lib/gcc/avr/5.4.0/../../../../avr/lib/avr5/memx-const\libc.a(itoa_ncheck.o)
 .stack.descriptors.hdr
                0x00000000000000c4        0xe c:/program files/microchip/xc8/v2.32/avr/bin/../lib/gcc/avr/5.4.0/../../../../avr/lib/avr5/memx-const\libc.a(utoa_ncheck.o)
 .stack.descriptors.hdr
                0x00000000000000d2        0xe c:/program files/microchip/xc8/v2.32/avr/bin/../lib/gcc/avr/5.4.0/../../../../avr/lib/avr5/memx-const\libc.a(strrev.o)

.note.gnu.build-id
 *(.note.gnu.build-id)

.debug
 *(.debug)

.line
 *(.line)

.debug_srcinfo
 *(.debug_srcinfo)

.debug_sfnames
 *(.debug_sfnames)

.debug_aranges  0x0000000000000000      0x140
 *(.debug_aranges)
 .debug_aranges
                0x0000000000000000       0x20 build/default/production/main.o
 .debug_aranges
                0x0000000000000020       0x98 build/default/production/IO.o
 .debug_aranges
                0x00000000000000b8       0x58 build/default/production/mLCD_4bit.o
 .debug_aranges
                0x0000000000000110       0x30 build/default/production/mADC.o

.debug_pubnames
 *(.debug_pubnames)

.debug_info     0x0000000000000000     0x1a3f
 *(.debug_info .gnu.linkonce.wi.*)
 .debug_info    0x0000000000000000      0x4e6 C:/Program Files/Microchip/MPLABX/v5.50/packs/Microchip/ATmega_DFP/2.3.126/xc8/avr/lib/avr5/memx-const/crtatmega32a.o
 .debug_info    0x00000000000004e6      0x43c build/default/production/main.o
 .debug_info    0x0000000000000922      0x586 build/default/production/IO.o
 .debug_info    0x0000000000000ea8      0x8ee build/default/production/mLCD_4bit.o
 .debug_info    0x0000000000001796      0x2a9 build/default/production/mADC.o

.debug_abbrev   0x0000000000000000      0x96f
 *(.debug_abbrev)
 .debug_abbrev  0x0000000000000000      0x4a3 C:/Program Files/Microchip/MPLABX/v5.50/packs/Microchip/ATmega_DFP/2.3.126/xc8/avr/lib/avr5/memx-const/crtatmega32a.o
 .debug_abbrev  0x00000000000004a3      0x13c build/default/production/main.o
 .debug_abbrev  0x00000000000005df      0x106 build/default/production/IO.o
 .debug_abbrev  0x00000000000006e5      0x1f6 build/default/production/mLCD_4bit.o
 .debug_abbrev  0x00000000000008db       0x94 build/default/production/mADC.o

.debug_line     0x0000000000000000      0xa55
 *(.debug_line .debug_line.* .debug_line_end)
 .debug_line    0x0000000000000000      0x119 C:/Program Files/Microchip/MPLABX/v5.50/packs/Microchip/ATmega_DFP/2.3.126/xc8/avr/lib/avr5/memx-const/crtatmega32a.o
 .debug_line    0x0000000000000119      0x12a build/default/production/main.o
 .debug_line    0x0000000000000243      0x4d6 build/default/production/IO.o
 .debug_line    0x0000000000000719      0x269 build/default/production/mLCD_4bit.o
 .debug_line    0x0000000000000982       0xd3 build/default/production/mADC.o

.debug_frame    0x0000000000000000      0x23c
 *(.debug_frame)
 .debug_frame   0x0000000000000000       0x24 build/default/production/main.o
 .debug_frame   0x0000000000000024      0x114 build/default/production/IO.o
 .debug_frame   0x0000000000000138       0xc0 build/default/production/mLCD_4bit.o
 .debug_frame   0x00000000000001f8       0x44 build/default/production/mADC.o

.debug_str      0x0000000000000000      0x257
 *(.debug_str)
 .debug_str     0x0000000000000000      0x196 C:/Program Files/Microchip/MPLABX/v5.50/packs/Microchip/ATmega_DFP/2.3.126/xc8/avr/lib/avr5/memx-const/crtatmega32a.o
 .debug_str     0x0000000000000196       0x63 build/default/production/main.o
 .debug_str     0x00000000000001f9       0x15 build/default/production/IO.o
 .debug_str     0x000000000000020e       0x49 build/default/production/mLCD_4bit.o
 .debug_str     0x0000000000000257        0x0 build/default/production/mADC.o

.debug_loc      0x0000000000000000      0x9ca
 *(.debug_loc)
 .debug_loc     0x0000000000000000       0x4a build/default/production/main.o
 .debug_loc     0x000000000000004a      0x55c build/default/production/IO.o
 .debug_loc     0x00000000000005a6      0x382 build/default/production/mLCD_4bit.o
 .debug_loc     0x0000000000000928       0xa2 build/default/production/mADC.o

.debug_macinfo
 *(.debug_macinfo)

.debug_weaknames
 *(.debug_weaknames)

.debug_funcnames
 *(.debug_funcnames)

.debug_typenames
 *(.debug_typenames)

.debug_varnames
 *(.debug_varnames)

.debug_pubtypes
 *(.debug_pubtypes)

.debug_ranges   0x0000000000000000      0x100
 *(.debug_ranges)
 .debug_ranges  0x0000000000000000       0x10 build/default/production/main.o
 .debug_ranges  0x0000000000000010       0x88 build/default/production/IO.o
 .debug_ranges  0x0000000000000098       0x48 build/default/production/mLCD_4bit.o
 .debug_ranges  0x00000000000000e0       0x20 build/default/production/mADC.o

.debug_macro
 *(.debug_macro)
OUTPUT(dist/default/production/Alex_21_IO.X.production.elf elf32-avr)
LOAD linker stubs
LOAD data_init

.note.gnu.avr.deviceinfo
                0x0000000000000000       0x3c
 .note.gnu.avr.deviceinfo
                0x0000000000000000       0x3c C:/Program Files/Microchip/MPLABX/v5.50/packs/Microchip/ATmega_DFP/2.3.126/xc8/avr/lib/avr5/memx-const/crtatmega32a.o

.text.setPinDir
                0x00000000000000b0       0xf0
 .text.setPinDir
                0x00000000000000b0       0xf0 build/default/production/IO.o
                0x00000000000000b0                setPinDir

.text.setPinData
                0x00000000000001a0       0xf0
 .text.setPinData
                0x00000000000001a0       0xf0 build/default/production/IO.o
                0x00000000000001a0                setPinData

.text.avrlibc.fplib
                0x0000000000000290       0xd4
 .text.avrlibc.fplib
                0x0000000000000290       0xd4 c:/program files/microchip/xc8/v2.32/avr/bin/../lib/gcc/avr/5.4.0/../../../../avr/lib/avr5/memx-const\libm.a(mulsf3x.o)
                0x0000000000000290                __mulsf3x
                0x00000000000002b6                __mulsf3_pse

.text.avrlibc.fplib
                0x0000000000000364       0x7a
 .text.avrlibc.fplib
                0x0000000000000364       0x7a c:/program files/microchip/xc8/v2.32/avr/bin/../lib/gcc/avr/5.4.0/../../../../avr/lib/avr5/memx-const\libm.a(floatsisf.o)
                0x0000000000000364                __floatunsisf
                0x0000000000000368                __floatsisf

.text.init_LCD_4bit
                0x00000000000003de       0x76
 .text.init_LCD_4bit
                0x00000000000003de       0x76 build/default/production/mLCD_4bit.o
                0x00000000000003de                init_LCD_4bit

.text.main      0x0000000000000454       0x72
 .text.main     0x0000000000000454       0x72 build/default/production/main.o
                0x0000000000000454                main

.text.LCD_DATA_4bit
                0x00000000000004c6       0x62
 .text.LCD_DATA_4bit
                0x00000000000004c6       0x62 build/default/production/mLCD_4bit.o
                0x00000000000004c6                LCD_DATA_4bit

.text.LCD_CMD_4bit
                0x0000000000000528       0x62
 .text.LCD_CMD_4bit
                0x0000000000000528       0x62 build/default/production/mLCD_4bit.o
                0x0000000000000528                LCD_CMD_4bit

.text.avrlibc.fplib
                0x000000000000058a       0x5e
 .text.avrlibc.fplib
                0x000000000000058a       0x5e c:/program files/microchip/xc8/v2.32/avr/bin/../lib/gcc/avr/5.4.0/../../../../avr/lib/avr5/memx-const\libm.a(fixunssfsi.o)
                0x000000000000058a                __fixunssfsi

.text.avrlibc.fplib
                0x00000000000005e8       0x44
 .text.avrlibc.fplib
                0x00000000000005e8       0x44 c:/program files/microchip/xc8/v2.32/avr/bin/../lib/gcc/avr/5.4.0/../../../../avr/lib/avr5/memx-const\libm.a(fp_split3.o)
                0x00000000000005e8                __fp_split3
                0x00000000000005f8                __fp_splitA

.text.LCD_Write_Num_4bit
                0x000000000000062c       0x3a
 .text.LCD_Write_Num_4bit
                0x000000000000062c       0x3a build/default/production/mLCD_4bit.o
                0x000000000000062c                LCD_Write_Num_4bit

.text.avrlibc   0x0000000000000666       0x34
 .text.avrlibc  0x0000000000000666       0x34 c:/program files/microchip/xc8/v2.32/avr/bin/../lib/gcc/avr/5.4.0/../../../../avr/lib/avr5/memx-const\libc.a(utoa_ncheck.o)
                0x0000000000000666                __utoa_ncheck
                0x0000000000000668                __utoa_common

.text.LCD_EN_4bit
                0x000000000000069a       0x2e
 .text.LCD_EN_4bit
                0x000000000000069a       0x2e build/default/production/mLCD_4bit.o
                0x000000000000069a                LCD_EN_4bit

.text.init_ADC  0x00000000000006c8       0x28
 .text.init_ADC
                0x00000000000006c8       0x28 build/default/production/mADC.o
                0x00000000000006c8                init_ADC

.text.avrlibc.fplib
                0x00000000000006f0       0x22
 .text.avrlibc.fplib
                0x00000000000006f0       0x22 c:/program files/microchip/xc8/v2.32/avr/bin/../lib/gcc/avr/5.4.0/../../../../avr/lib/avr5/memx-const\libm.a(fp_round.o)
                0x00000000000006f0                __fp_round

.text.avrlibc   0x0000000000000712       0x20
 .text.avrlibc  0x0000000000000712       0x20 c:/program files/microchip/xc8/v2.32/avr/bin/../lib/gcc/avr/5.4.0/../../../../avr/lib/avr5/memx-const\libc.a(strrev.o)
                0x0000000000000712                strrev

.text.LCD_Write_Str_4bit
                0x0000000000000732       0x1e
 .text.LCD_Write_Str_4bit
                0x0000000000000732       0x1e build/default/production/mLCD_4bit.o
                0x0000000000000732                LCD_Write_Str_4bit

.text.avrlibc   0x0000000000000750       0x16
 .text.avrlibc  0x0000000000000750       0x16 c:/program files/microchip/xc8/v2.32/avr/bin/../lib/gcc/avr/5.4.0/../../../../avr/lib/avr5/memx-const\libc.a(itoa_ncheck.o)
                0x0000000000000750                __itoa_ncheck

.text.ADC_read  0x0000000000000766        0xe
 .text.ADC_read
                0x0000000000000766        0xe build/default/production/mADC.o
                0x0000000000000766                ADC_read

.text.avrlibc.fplib
                0x0000000000000774        0xe
 .text.avrlibc.fplib
                0x0000000000000774        0xe c:/program files/microchip/xc8/v2.32/avr/bin/../lib/gcc/avr/5.4.0/../../../../avr/lib/avr5/memx-const\libm.a(fixsfsi.o)
                0x0000000000000774                __fixsfsi

.text.avrlibc.fplib
                0x0000000000000782        0xe
 .text.avrlibc.fplib
                0x0000000000000782        0xe c:/program files/microchip/xc8/v2.32/avr/bin/../lib/gcc/avr/5.4.0/../../../../avr/lib/avr5/memx-const\libm.a(fp_zero.o)
                0x0000000000000782                __fp_zero
                0x0000000000000784                __fp_szero

.text.avrlibc.fplib
                0x0000000000000790        0xe
 .text.avrlibc.fplib
                0x0000000000000790        0xe c:/program files/microchip/xc8/v2.32/avr/bin/../lib/gcc/avr/5.4.0/../../../../avr/lib/avr5/memx-const\libm.a(fp_pscA.o)
                0x0000000000000790                __fp_pscA

.text.avrlibc.fplib
                0x000000000000079e        0xe
 .text.avrlibc.fplib
                0x000000000000079e        0xe c:/program files/microchip/xc8/v2.32/avr/bin/../lib/gcc/avr/5.4.0/../../../../avr/lib/avr5/memx-const\libm.a(fp_pscB.o)
                0x000000000000079e                __fp_pscB

.text.avrlibc.fplib
                0x00000000000007ac        0xc
 .text.avrlibc.fplib
                0x00000000000007ac        0xc c:/program files/microchip/xc8/v2.32/avr/bin/../lib/gcc/avr/5.4.0/../../../../avr/lib/avr5/memx-const\libm.a(fp_inf.o)
                0x00000000000007ac                __fp_inf

.text.LCD_CLEAR_4bit
                0x00000000000007b8        0x8
 .text.LCD_CLEAR_4bit
                0x00000000000007b8        0x8 build/default/production/mLCD_4bit.o
                0x00000000000007b8                LCD_CLEAR_4bit

.text.avrlibc.fplib
                0x00000000000007c0        0x8
 .text.avrlibc.fplib
                0x00000000000007c0        0x8 c:/program files/microchip/xc8/v2.32/avr/bin/../lib/gcc/avr/5.4.0/../../../../avr/lib/avr5/memx-const\libm.a(mulsf3.o)
                0x00000000000007c0                __mulsf3

.text.avrlibc.fplib
                0x00000000000007c8        0x6
 .text.avrlibc.fplib
                0x00000000000007c8        0x6 c:/program files/microchip/xc8/v2.32/avr/bin/../lib/gcc/avr/5.4.0/../../../../avr/lib/avr5/memx-const\libm.a(fp_nan.o)
                0x00000000000007c8                __fp_nan

.text           0x00000000000007ce        0x4
 .text          0x00000000000007ce        0x4 C:/Program Files/Microchip/MPLABX/v5.50/packs/Microchip/ATmega_DFP/2.3.126/xc8/avr/lib/avr5/memx-const/crtatmega32a.o
                0x00000000000007ce                __vector_1
                0x00000000000007ce                __vector_12
                0x00000000000007ce                __bad_interrupt
                0x00000000000007ce                __vector_6
                0x00000000000007ce                __vector_3
                0x00000000000007ce                __vector_11
                0x00000000000007ce                __vector_13
                0x00000000000007ce                __vector_17
                0x00000000000007ce                __vector_19
                0x00000000000007ce                __vector_7
                0x00000000000007ce                __vector_5
                0x00000000000007ce                __vector_4
                0x00000000000007ce                __vector_9
                0x00000000000007ce                __vector_2
                0x00000000000007ce                __vector_15
                0x00000000000007ce                __vector_8
                0x00000000000007ce                __vector_14
                0x00000000000007ce                __vector_10
                0x00000000000007ce                __vector_16
                0x00000000000007ce                __vector_18
                0x00000000000007ce                __vector_20

.text.ADC_StartConv
                0x00000000000007d2        0x4
 .text.ADC_StartConv
                0x00000000000007d2        0x4 build/default/production/mADC.o
                0x00000000000007d2                ADC_StartConv

.data.unit      0x0000000000800060        0x4 load address 0x00000000000007d6
 .data.unit     0x0000000000800060        0x4 build/default/production/main.o
                0x0000000000800060                unit
